Component: ARM Compiler 5.06 update 1 (build 61) Tool: armlink [4d35a8]

==============================================================================

Section Cross References

    startup_stm32f407xx.o(RESET) refers to startup_stm32f407xx.o(STACK) for __initial_sp
    startup_stm32f407xx.o(RESET) refers to startup_stm32f407xx.o(.text) for Reset_Handler
    startup_stm32f407xx.o(RESET) refers to stm32f4xx_it.o(i.NMI_Handler) for NMI_Handler
    startup_stm32f407xx.o(RESET) refers to stm32f4xx_it.o(i.HardFault_Handler) for HardFault_Handler
    startup_stm32f407xx.o(RESET) refers to stm32f4xx_it.o(i.MemManage_Handler) for MemManage_Handler
    startup_stm32f407xx.o(RESET) refers to stm32f4xx_it.o(i.BusFault_Handler) for BusFault_Handler
    startup_stm32f407xx.o(RESET) refers to stm32f4xx_it.o(i.UsageFault_Handler) for UsageFault_Handler
    startup_stm32f407xx.o(RESET) refers to port.o(.emb_text) for SVC_Handler
    startup_stm32f407xx.o(RESET) refers to stm32f4xx_it.o(i.DebugMon_Handler) for DebugMon_Handler
    startup_stm32f407xx.o(RESET) refers to port.o(i.SysTick_Handler) for SysTick_Handler
    startup_stm32f407xx.o(RESET) refers to stm32f4xx_it.o(i.EXTI3_IRQHandler) for EXTI3_IRQHandler
    startup_stm32f407xx.o(RESET) refers to stm32f4xx_it.o(i.EXTI4_IRQHandler) for EXTI4_IRQHandler
    startup_stm32f407xx.o(RESET) refers to stm32f4xx_it.o(i.DMA1_Stream1_IRQHandler) for DMA1_Stream1_IRQHandler
    startup_stm32f407xx.o(RESET) refers to stm32f4xx_it.o(i.DMA1_Stream3_IRQHandler) for DMA1_Stream3_IRQHandler
    startup_stm32f407xx.o(RESET) refers to stm32f4xx_it.o(i.CAN1_TX_IRQHandler) for CAN1_TX_IRQHandler
    startup_stm32f407xx.o(RESET) refers to stm32f4xx_it.o(i.CAN1_RX0_IRQHandler) for CAN1_RX0_IRQHandler
    startup_stm32f407xx.o(RESET) refers to stm32f4xx_it.o(i.EXTI9_5_IRQHandler) for EXTI9_5_IRQHandler
    startup_stm32f407xx.o(RESET) refers to stm32f4xx_it.o(i.TIM1_BRK_TIM9_IRQHandler) for TIM1_BRK_TIM9_IRQHandler
    startup_stm32f407xx.o(RESET) refers to stm32f4xx_it.o(i.TIM1_UP_TIM10_IRQHandler) for TIM1_UP_TIM10_IRQHandler
    startup_stm32f407xx.o(RESET) refers to stm32f4xx_it.o(i.TIM2_IRQHandler) for TIM2_IRQHandler
    startup_stm32f407xx.o(RESET) refers to stm32f4xx_it.o(i.TIM3_IRQHandler) for TIM3_IRQHandler
    startup_stm32f407xx.o(RESET) refers to stm32f4xx_it.o(i.SPI1_IRQHandler) for SPI1_IRQHandler
    startup_stm32f407xx.o(RESET) refers to stm32f4xx_it.o(i.USART1_IRQHandler) for USART1_IRQHandler
    startup_stm32f407xx.o(RESET) refers to stm32f4xx_it.o(i.USART3_IRQHandler) for USART3_IRQHandler
    startup_stm32f407xx.o(RESET) refers to stm32f4xx_it.o(i.TIM8_BRK_TIM12_IRQHandler) for TIM8_BRK_TIM12_IRQHandler
    startup_stm32f407xx.o(RESET) refers to stm32f4xx_it.o(i.TIM8_UP_TIM13_IRQHandler) for TIM8_UP_TIM13_IRQHandler
    startup_stm32f407xx.o(RESET) refers to stm32f4xx_it.o(i.DMA2_Stream0_IRQHandler) for DMA2_Stream0_IRQHandler
    startup_stm32f407xx.o(RESET) refers to stm32f4xx_it.o(i.DMA2_Stream1_IRQHandler) for DMA2_Stream1_IRQHandler
    startup_stm32f407xx.o(RESET) refers to stm32f4xx_it.o(i.DMA2_Stream2_IRQHandler) for DMA2_Stream2_IRQHandler
    startup_stm32f407xx.o(RESET) refers to stm32f4xx_it.o(i.DMA2_Stream3_IRQHandler) for DMA2_Stream3_IRQHandler
    startup_stm32f407xx.o(RESET) refers to stm32f4xx_it.o(i.CAN2_TX_IRQHandler) for CAN2_TX_IRQHandler
    startup_stm32f407xx.o(RESET) refers to stm32f4xx_it.o(i.CAN2_RX0_IRQHandler) for CAN2_RX0_IRQHandler
    startup_stm32f407xx.o(RESET) refers to stm32f4xx_it.o(i.DMA2_Stream6_IRQHandler) for DMA2_Stream6_IRQHandler
    startup_stm32f407xx.o(RESET) refers to stm32f4xx_it.o(i.DMA2_Stream7_IRQHandler) for DMA2_Stream7_IRQHandler
    startup_stm32f407xx.o(RESET) refers to stm32f4xx_it.o(i.USART6_IRQHandler) for USART6_IRQHandler
    startup_stm32f407xx.o(.text) refers to system_stm32f4xx.o(i.SystemInit) for SystemInit
    startup_stm32f407xx.o(.text) refers to entry.o(.ARM.Collect$$$$00000000) for __main
    main.o(i.HAL_TIM_PeriodElapsedCallback) refers to stm32f4xx_hal.o(i.HAL_IncTick) for HAL_IncTick
    main.o(i.SystemClock_Config) refers to memseta.o(.text) for __aeabi_memclr4
    main.o(i.SystemClock_Config) refers to stm32f4xx_hal_rcc.o(i.HAL_RCC_OscConfig) for HAL_RCC_OscConfig
    main.o(i.SystemClock_Config) refers to stm32f4xx_hal_rcc.o(i.HAL_RCC_ClockConfig) for HAL_RCC_ClockConfig
    main.o(i.main) refers to stm32f4xx_hal.o(i.HAL_Init) for HAL_Init
    main.o(i.main) refers to main.o(i.SystemClock_Config) for SystemClock_Config
    main.o(i.main) refers to gpio.o(i.MX_GPIO_Init) for MX_GPIO_Init
    main.o(i.main) refers to dma.o(i.MX_DMA_Init) for MX_DMA_Init
    main.o(i.main) refers to spi.o(i.MX_SPI1_Init) for MX_SPI1_Init
    main.o(i.main) refers to tim.o(i.MX_TIM10_Init) for MX_TIM10_Init
    main.o(i.main) refers to can.o(i.MX_CAN1_Init) for MX_CAN1_Init
    main.o(i.main) refers to can.o(i.MX_CAN2_Init) for MX_CAN2_Init
    main.o(i.main) refers to i2c.o(i.MX_I2C3_Init) for MX_I2C3_Init
[...]
    HAL_RCC_ClockConfig                      0x08003709   Thumb Code   288  stm32f4xx_hal_rcc.o(i.HAL_RCC_ClockConfig)
    HAL_RCC_GetClockConfig                   0x0800383d   Thumb Code    54  stm32f4xx_hal_rcc.o(i.HAL_RCC_GetClockConfig)
    HAL_RCC_GetPCLK1Freq                     0x0800387d   Thumb Code    20  stm32f4xx_hal_rcc.o(i.HAL_RCC_GetPCLK1Freq)
    HAL_RCC_GetPCLK2Freq                     0x0800389d   Thumb Code    20  stm32f4xx_hal_rcc.o(i.HAL_RCC_GetPCLK2Freq)
    HAL_RCC_GetSysClockFreq                  0x080038bd   Thumb Code    88  stm32f4xx_hal_rcc.o(i.HAL_RCC_GetSysClockFreq)
    HAL_RCC_OscConfig                        0x08003921   Thumb Code   856  stm32f4xx_hal_rcc.o(i.HAL_RCC_OscConfig)
    HAL_SPI_ErrorCallback                    0x08003c8d   Thumb Code     2  stm32f4xx_hal_spi.o(i.HAL_SPI_ErrorCallback)
    HAL_SPI_IRQHandler                       0x08003c91   Thumb Code   246  stm32f4xx_hal_spi.o(i.HAL_SPI_IRQHandler)
    HAL_SPI_Init                             0x08003d8d   Thumb Code   188  stm32f4xx_hal_spi.o(i.HAL_SPI_Init)
    HAL_SPI_MspInit                          0x08003e49   Thumb Code   242  spi.o(i.HAL_SPI_MspInit)
    HAL_SPI_TransmitReceive                  0x08003f55   Thumb Code   482  stm32f4xx_hal_spi.o(i.HAL_SPI_TransmitReceive)
    HAL_TIMEx_BreakCallback                  0x08004137   Thumb Code     2  stm32f4xx_hal_tim_ex.o(i.HAL_TIMEx_BreakCallback)
    HAL_TIMEx_CommutCallback                 0x08004139   Thumb Code     2  stm32f4xx_hal_tim_ex.o(i.HAL_TIMEx_CommutCallback)
    HAL_TIMEx_MasterConfigSynchronization    0x0800413d   Thumb Code   116  stm32f4xx_hal_tim_ex.o(i.HAL_TIMEx_MasterConfigSynchronization)
    HAL_TIM_Base_Init                        0x080041cd   Thumb Code    90  stm32f4xx_hal_tim.o(i.HAL_TIM_Base_Init)
    HAL_TIM_Base_MspInit                     0x08004229   Thumb Code   204  tim.o(i.HAL_TIM_Base_MspInit)
    HAL_TIM_Base_Start_IT                    0x08004309   Thumb Code   100  stm32f4xx_hal_tim.o(i.HAL_TIM_Base_Start_IT)
    HAL_TIM_ConfigClockSource                0x08004389   Thumb Code   220  stm32f4xx_hal_tim.o(i.HAL_TIM_ConfigClockSource)
    HAL_TIM_IC_CaptureCallback               0x08004465   Thumb Code     2  stm32f4xx_hal_tim.o(i.HAL_TIM_IC_CaptureCallback)
    HAL_TIM_IRQHandler                       0x08004467   Thumb Code   358  stm32f4xx_hal_tim.o(i.HAL_TIM_IRQHandler)
    HAL_TIM_MspPostInit                      0x080045cd   Thumb Code    70  tim.o(i.HAL_TIM_MspPostInit)
    HAL_TIM_OC_DelayElapsedCallback          0x08004621   Thumb Code     2  stm32f4xx_hal_tim.o(i.HAL_TIM_OC_DelayElapsedCallback)
    HAL_TIM_PWM_ConfigChannel                0x08004623   Thumb Code   204  stm32f4xx_hal_tim.o(i.HAL_TIM_PWM_ConfigChannel)
    HAL_TIM_PWM_Init                         0x080046ef   Thumb Code    90  stm32f4xx_hal_tim.o(i.HAL_TIM_PWM_Init)
    HAL_TIM_PWM_MspInit                      0x08004749   Thumb Code     2  stm32f4xx_hal_tim.o(i.HAL_TIM_PWM_MspInit)
    HAL_TIM_PWM_PulseFinishedCallback        0x0800474b   Thumb Code     2  stm32f4xx_hal_tim.o(i.HAL_TIM_PWM_PulseFinishedCallback)
    HAL_TIM_PWM_Start                        0x0800474d   Thumb Code   172  stm32f4xx_hal_tim.o(i.HAL_TIM_PWM_Start)
    HAL_TIM_PeriodElapsedCallback            0x08004815   Thumb Code    14  main.o(i.HAL_TIM_PeriodElapsedCallback)
    HAL_TIM_TriggerCallback                  0x08004829   Thumb Code     2  stm32f4xx_hal_tim.o(i.HAL_TIM_TriggerCallback)
    HAL_UARTEx_RxEventCallback               0x0800482b   Thumb Code     2  stm32f4xx_hal_uart.o(i.HAL_UARTEx_RxEventCallback)
    HAL_UART_ErrorCallback                   0x0800482d   Thumb Code     2  stm32f4xx_hal_uart.o(i.HAL_UART_ErrorCallback)
    HAL_UART_IRQHandler                      0x08004831   Thumb Code   610  stm32f4xx_hal_uart.o(i.HAL_UART_IRQHandler)
    HAL_UART_Init                            0x08004a99   Thumb Code    98  stm32f4xx_hal_uart.o(i.HAL_UART_Init)
    HAL_UART_MspInit                         0x08004afd   Thumb Code   680  usart.o(i.HAL_UART_MspInit)
    HAL_UART_RxCpltCallback                  0x08004dd5   Thumb Code     2  stm32f4xx_hal_uart.o(i.HAL_UART_RxCpltCallback)
    HAL_UART_Transmit_DMA                    0x08004dd9   Thumb Code   126  stm32f4xx_hal_uart.o(i.HAL_UART_Transmit_DMA)
    HAL_UART_TxCpltCallback                  0x08004e65   Thumb Code    14  ui_task.o(i.HAL_UART_TxCpltCallback)
    HAL_UART_TxHalfCpltCallback              0x08004e7d   Thumb Code     2  stm32f4xx_hal_uart.o(i.HAL_UART_TxHalfCpltCallback)
    HardFault_Handler                        0x08004f7d   Thumb Code     2  stm32f4xx_it.o(i.HardFault_Handler)
    IMU_QuaternionEKF_Init                   0x0800531d   Thumb Code   178  quaternionekf.o(i.IMU_QuaternionEKF_Init)
    IMU_QuaternionEKF_Update                 0x080054f1   Thumb Code   992  quaternionekf.o(i.IMU_QuaternionEKF_Update)
    IMU_Temperature_Ctrl                     0x08005cbd   Thumb Code    72  ins_task.o(i.IMU_Temperature_Ctrl)
    INS_Init                                 0x08005d1d   Thumb Code   144  ins_task.o(i.INS_Init)
    INS_Task                                 0x08005dd5   Thumb Code   400  ins_task.o(i.INS_Task)
    JUDGE_Receive                            0x08005f89   Thumb Code   414  judge.o(i.JUDGE_Receive)
    Kalman_Filter_Init                       0x0800612d   Thumb Code   994  kalman_filter.o(i.Kalman_Filter_Init)
    Kalman_Filter_Measure                    0x08006515   Thumb Code    66  kalman_filter.o(i.Kalman_Filter_Measure)
    Kalman_Filter_P_Update                   0x0800655d   Thumb Code   106  kalman_filter.o(i.Kalman_Filter_P_Update)
    Kalman_Filter_PminusUpdate               0x080065c7   Thumb Code   108  kalman_filter.o(i.Kalman_Filter_PminusUpdate)
    Kalman_Filter_SetK                       0x08006633   Thumb Code   204  kalman_filter.o(i.Kalman_Filter_SetK)
    Kalman_Filter_Update                     0x08006701   Thumb Code   228  kalman_filter.o(i.Kalman_Filter_Update)
    Kalman_Filter_xhatMinusUpdate            0x080067e9   Thumb Code   116  kalman_filter.o(i.Kalman_Filter_xhatMinusUpdate)
    Kalman_Filter_xhatUpdate                 0x0800685d   Thumb Code   132  kalman_filter.o(i.Kalman_Filter_xhatUpdate)
    Line_Draw                                0x080068e1   Thumb Code   130  ui_task.o(i.Line_Draw)
    MX_CAN1_Init                             0x08006965   Thumb Code    60  can.o(i.MX_CAN1_Init)
    MX_CAN2_Init                             0x080069a9   Thumb Code    60  can.o(i.MX_CAN2_Init)
    MX_DMA_Init                              0x080069ed   Thumb Code   168  dma.o(i.MX_DMA_Init)
    MX_FREERTOS_Init                         0x08006a99   Thumb Code   140  freertos.o(i.MX_FREERTOS_Init)
    MX_GPIO_Init                             0x08006b2d   Thumb Code   484  gpio.o(i.MX_GPIO_Init)
    MX_I2C3_Init                             0x08006d31   Thumb Code    50  i2c.o(i.MX_I2C3_Init)
    MX_SPI1_Init                             0x08006d71   Thumb Code    64  spi.o(i.MX_SPI1_Init)
    MX_TIM10_Init                            0x08006db9   Thumb Code    94  tim.o(i.MX_TIM10_Init)
    MX_TIM1_Init                             0x08006e21   Thumb Code    98  tim.o(i.MX_TIM1_Init)
    MX_TIM2_Init                             0x08006e8d   Thumb Code    96  tim.o(i.MX_TIM2_Init)
    MX_TIM8_Init                             0x08006ef1   Thumb Code    94  tim.o(i.MX_TIM8_Init)
    MX_TIM9_Init                             0x08006f59   Thumb Code    68  tim.o(i.MX_TIM9_Init)
    MX_USART1_UART_Init                      0x08006fa5   Thumb Code    48  usart.o(i.MX_USART1_UART_Init)
    MX_USART3_UART_Init                      0x08006fdd   Thumb Code    46  usart.o(i.MX_USART3_UART_Init)
    MX_USART6_UART_Init                      0x08007019   Thumb Code    48  usart.o(i.MX_USART6_UART_Init)
    MemManage_Handler                        0x08007051   Thumb Code     2  stm32f4xx_it.o(i.MemManage_Handler)
    Motor_Speed_limiting                     0x08007055   Thumb Code   126  chassis_task.o(i.Motor_Speed_limiting)
    NMI_Handler                              0x080070d3   Thumb Code     2  stm32f4xx_it.o(i.NMI_Handler)
    OLS_Derivative                           0x080070d5   Thumb Code   496  user_lib.o(i.OLS_Derivative)
    OLS_Init                                 0x080072c9   Thumb Code    66  user_lib.o(i.OLS_Init)
    PID_Calculate                            0x0800730d   Thumb Code  1100  controller.o(i.PID_Calculate)
    PID_Init                                 0x08007759   Thumb Code   110  controller.o(i.PID_Init)
    Rectangle_Draw                           0x080077c7   Thumb Code   132  ui_task.o(i.Rectangle_Draw)
    SPI1_IRQHandler                          0x0800784d   Thumb Code     6  stm32f4xx_it.o(i.SPI1_IRQHandler)
    StartDefaultTask                         0x08007979   Thumb Code    30  freertos.o(i.StartDefaultTask)
    StartINSTask                             0x0800799d   Thumb Code    16  freertos.o(i.StartINSTask)
    SysTick_Handler                          0x080079ad   Thumb Code    38  port.o(i.SysTick_Handler)
    SystemClock_Config                       0x080079d9   Thumb Code   140  main.o(i.SystemClock_Config)
    SystemInit                               0x08007a6d   Thumb Code    22  system_stm32f4xx.o(i.SystemInit)
    TIM1_BRK_TIM9_IRQHandler                 0x08007a89   Thumb Code    18  stm32f4xx_it.o(i.TIM1_BRK_TIM9_IRQHandler)
    TIM1_UP_TIM10_IRQHandler                 0x08007aa5   Thumb Code    62  stm32f4xx_it.o(i.TIM1_UP_TIM10_IRQHandler)
    TIM2_IRQHandler                          0x08007af5   Thumb Code     6  stm32f4xx_it.o(i.TIM2_IRQHandler)
    TIM3_IRQHandler                          0x08007b01   Thumb Code     6  stm32f4xx_it.o(i.TIM3_IRQHandler)
    TIM8_BRK_TIM12_IRQHandler                0x08007b0d   Thumb Code     6  stm32f4xx_it.o(i.TIM8_BRK_TIM12_IRQHandler)
    TIM8_UP_TIM13_IRQHandler                 0x08007b19   Thumb Code     6  stm32f4xx_it.o(i.TIM8_UP_TIM13_IRQHandler)
    TIM_Base_SetConfig                       0x08007b25   Thumb Code   156  stm32f4xx_hal_tim.o(i.TIM_Base_SetConfig)
    TIM_CCxChannelCmd                        0x08007bed   Thumb Code    26  stm32f4xx_hal_tim.o(i.TIM_CCxChannelCmd)
    TIM_ETR_SetConfig                        0x08007c07   Thumb Code    20  stm32f4xx_hal_tim.o(i.TIM_ETR_SetConfig)
    TIM_OC2_SetConfig                        0x08007c8d   Thumb Code    98  stm32f4xx_hal_tim.o(i.TIM_OC2_SetConfig)
    TIM_Set_PWM                              0x08007db1   Thumb Code    42  bsp_pwm.o(i.TIM_Set_PWM)
    UI_Task                                  0x080080fd   Thumb Code   116  ui_task.o(i.UI_Task)
    UI_delete                                0x08008181   Thumb Code   204  ui_task.o(i.UI_delete)
    USART1_IRQHandler                        0x08008259   Thumb Code     6  stm32f4xx_it.o(i.USART1_IRQHandler)
    USART3_IRQHandler                        0x08008265   Thumb Code    18  stm32f4xx_it.o(i.USART3_IRQHandler)
    USART3_Init                              0x0800827d   Thumb Code    52  drv_usart.o(i.USART3_Init)
    USART3_rxDataHandler                     0x080082b9   Thumb Code   388  rc_potocal.o(i.USART3_rxDataHandler)
    USART6_IRQHandler                        0x0800844d   Thumb Code    18  stm32f4xx_it.o(i.USART6_IRQHandler)
    USART6_Init                              0x08008465   Thumb Code    52  drv_usart.o(i.USART6_Init)
    Update_data                              0x080084a1   Thumb Code    52  judge.o(i.Update_data)
    UsageFault_Handler                       0x080084dd   Thumb Code     2  stm32f4xx_it.o(i.UsageFault_Handler)
    Verify_CRC16_Check_Sum                   0x080084e1   Thumb Code    54  crc.o(i.Verify_CRC16_Check_Sum)
    Verify_CRC8_Check_Sum                    0x0800851d   Thumb Code    38  crc.o(i.Verify_CRC8_Check_Sum)
    __ARM_fpclassifyf                        0x08008543   Thumb Code    38  fpclassifyf.o(i.__ARM_fpclassifyf)
    __hardfp_acosf                           0x08008589   Thumb Code   234  acosf.o(i.__hardfp_acosf)
    __hardfp_asinf                           0x080086a1   Thumb Code   258  asinf.o(i.__hardfp_asinf)
    __hardfp_atan2f                          0x080087cd   Thumb Code   502  atan2f.o(i.__hardfp_atan2f)
    __hardfp_sqrtf                           0x08008a1d   Thumb Code    58  sqrtf_full.o(i.__hardfp_sqrtf)
    __mathlib_flt_infnan                     0x08008a57   Thumb Code     6  funder.o(i.__mathlib_flt_infnan)
    __mathlib_flt_infnan2                    0x08008a5d   Thumb Code     6  funder.o(i.__mathlib_flt_infnan2)
    __mathlib_flt_invalid                    0x08008a65   Thumb Code    10  funder.o(i.__mathlib_flt_invalid)
    __mathlib_flt_underflow                  0x08008a75   Thumb Code    10  funder.o(i.__mathlib_flt_underflow)
    __scatterload_copy                       0x08008a85   Thumb Code    14  handlers.o(i.__scatterload_copy)
    __scatterload_null                       0x08008a93   Thumb Code     2  handlers.o(i.__scatterload_null)
    __scatterload_zeroinit                   0x08008a95   Thumb Code    14  handlers.o(i.__scatterload_zeroinit)
    __set_errno                              0x08008aa5   Thumb Code     6  errno.o(i.__set_errno)
    bmi088_accel_init                        0x08008ab1   Thumb Code   292  bmi088driver.o(i.bmi088_accel_init)
    bmi088_gyro_init                         0x08008bd9   Thumb Code   246  bmi088driver.o(i.bmi088_gyro_init)
    can_remote                               0x08008cd5   Thumb Code    32  drv_can.o(i.can_remote)
    chassis_current_give                     0x08008cf9   Thumb Code   106  chassis_task.o(i.chassis_current_give)
    chassis_motol_speed_calculate            0x08008d6d   Thumb Code    54  chassis_task.o(i.chassis_motol_speed_calculate)
    exchange_task                            0x08008e75   Thumb Code    36  exchange.o(i.exchange_task)
    float_constrain                          0x080090a9   Thumb Code    32  user_lib.o(i.float_constrain)
    float_rounding                           0x080090c9   Thumb Code    34  user_lib.o(i.float_rounding)
    get_client_id                            0x080090ed   Thumb Code    12  ui_task.o(i.get_client_id)
    gimbal_PID_calc1                         0x080090fd   Thumb Code   202  pid.o(i.gimbal_PID_calc1)
    main                                     0x08009409   Thumb Code   142  main.o(i.main)
    malloc                                   0x080094b9   Thumb Code    92  malloc.o(i.malloc)
    osDelay                                  0x08009525   Thumb Code    14  cmsis_os.o(i.osDelay)
    osKernelStart                            0x08009533   Thumb Code    10  cmsis_os.o(i.osKernelStart)
    osThreadCreate                           0x0800953d   Thumb Code    84  cmsis_os.o(i.osThreadCreate)
    pid_calc                                 0x08009591   Thumb Code   168  pid.o(i.pid_calc)
    pid_init                                 0x08009639   Thumb Code    86  pid.o(i.pid_init)
    pvPortMalloc                             0x08009e91   Thumb Code   216  heap_4.o(i.pvPortMalloc)
    pxPortInitialiseStack                    0x08009f6d   Thumb Code    40  port.o(i.pxPortInitialiseStack)
    set_gimbal_current                       0x08009f99   Thumb Code    86  drv_can.o(i.set_gimbal_current)
    set_motor_current_can1                   0x08009ff5   Thumb Code    86  drv_can.o(i.set_motor_current_can1)
    set_pitch_current                        0x0800a051   Thumb Code    86  drv_can.o(i.set_pitch_current)
    sqrtf                                    0x0800a0ad   Thumb Code    62  sqrtf_full.o(i.sqrtf)
    string_Draw                              0x0800a0ed   Thumb Code   174  ui_task.o(i.string_Draw)
    ui_display_1_graph                       0x0800a239   Thumb Code   210  ui_task.o(i.ui_display_1_graph)
    ui_display_7_graph                       0x0800a319   Thumb Code   370  ui_task.o(i.ui_display_7_graph)
    ui_display_string                        0x0800a499   Thumb Code   210  ui_task.o(i.ui_display_string)
    usart6_tx_dma_enable                     0x0800a579   Thumb Code    16  ui_task.o(i.usart6_tx_dma_enable)
    userUI_draw_background                   0x0800a591   Thumb Code   414  ui_task.o(i.userUI_draw_background)
    userUI_draw_constant_power_allowance     0x0800a779   Thumb Code   254  ui_task.o(i.userUI_draw_constant_power_allowance)
    userUI_draw_foresight_1                  0x0800a891   Thumb Code   302  ui_task.o(i.userUI_draw_foresight_1)
    userUI_draw_foresight_4                  0x0800a9e1   Thumb Code   286  ui_task.o(i.userUI_draw_foresight_4)
    userUI_draw_foresight_5                  0x0800ab21   Thumb Code   292  ui_task.o(i.userUI_draw_foresight_5)
    userUI_draw_foresight_6                  0x0800ac65   Thumb Code   280  ui_task.o(i.userUI_draw_foresight_6)
    userUI_draw_robot_xtl_mode               0x0800ad9d   Thumb Code   116  ui_task.o(i.userUI_draw_robot_xtl_mode)
    userUI_init                              0x0800ae35   Thumb Code    96  ui_task.o(i.userUI_init)
    uxListRemove                             0x0800aea1   Thumb Code    38  list.o(i.uxListRemove)
    vApplicationGetIdleTaskMemory            0x0800aec9   Thumb Code    16  freertos.o(i.vApplicationGetIdleTaskMemory)
    vApplicationGetTimerTaskMemory           0x0800aedd   Thumb Code    18  freertos.o(i.vApplicationGetTimerTaskMemory)
    vListInitialise                          0x0800aef5   Thumb Code    22  list.o(i.vListInitialise)
    vListInitialiseItem                      0x0800af0b   Thumb Code     6  list.o(i.vListInitialiseItem)
    vListInsert                              0x0800af11   Thumb Code    48  list.o(i.vListInsert)
    vListInsertEnd                           0x0800af41   Thumb Code    24  list.o(i.vListInsertEnd)
    vPortEnterCritical                       0x0800af59   Thumb Code    54  port.o(i.vPortEnterCritical)
    vPortExitCritical                        0x0800af99   Thumb Code    34  port.o(i.vPortExitCritical)
    vPortFree                                0x0800afc1   Thumb Code    94  heap_4.o(i.vPortFree)
    vPortSetupTimerInterrupt                 0x0800b025   Thumb Code    32  port.o(i.vPortSetupTimerInterrupt)
    vPortValidateInterruptPriority           0x0800b049   Thumb Code    74  port.o(i.vPortValidateInterruptPriority)
    vQueueAddToRegistry                      0x0800b09d   Thumb Code    34  queue.o(i.vQueueAddToRegistry)
    vQueueWaitForMessageRestricted           0x0800b0c5   Thumb Code    68  queue.o(i.vQueueWaitForMessageRestricted)
    vTaskDelay                               0x0800b109   Thumb Code    66  tasks.o(i.vTaskDelay)
    vTaskInternalSetTimeOutState             0x0800b155   Thumb Code    12  tasks.o(i.vTaskInternalSetTimeOutState)
    vTaskMissedYield                         0x0800b165   Thumb Code     8  tasks.o(i.vTaskMissedYield)
    vTaskPlaceOnEventList                    0x0800b171   Thumb Code    44  tasks.o(i.vTaskPlaceOnEventList)
    vTaskPlaceOnEventListRestricted          0x0800b1a1   Thumb Code    52  tasks.o(i.vTaskPlaceOnEventListRestricted)
    vTaskStartScheduler                      0x0800b1d9   Thumb Code   118  tasks.o(i.vTaskStartScheduler)
    vTaskSuspendAll                          0x0800b261   Thumb Code    10  tasks.o(i.vTaskSuspendAll)
    vTaskSwitchContext                       0x0800b271   Thumb Code    82  tasks.o(i.vTaskSwitchContext)
    xPortStartScheduler                      0x0800b2cd   Thumb Code   222  port.o(i.xPortStartScheduler)
    xQueueGenericCreateStatic                0x0800b3c1   Thumb Code   102  queue.o(i.xQueueGenericCreateStatic)
    xQueueGenericReset                       0x0800b429   Thumb Code   132  queue.o(i.xQueueGenericReset)
    xQueueGenericSend                        0x0800b4b1   Thumb Code   346  queue.o(i.xQueueGenericSend)
    xQueueGenericSendFromISR                 0x0800b611   Thumb Code   190  queue.o(i.xQueueGenericSendFromISR)
    xQueueReceive                            0x0800b6d1   Thumb Code   308  queue.o(i.xQueueReceive)
    xTaskCheckForTimeOut                     0x0800b809   Thumb Code   132  tasks.o(i.xTaskCheckForTimeOut)
    xTaskCreate                              0x0800b891   Thumb Code    90  tasks.o(i.xTaskCreate)
    xTaskCreateStatic                        0x0800b8eb   Thumb Code    86  tasks.o(i.xTaskCreateStatic)
    xTaskGetSchedulerState                   0x0800b941   Thumb Code    22  tasks.o(i.xTaskGetSchedulerState)
    xTaskGetTickCount                        0x0800b95d   Thumb Code     6  tasks.o(i.xTaskGetTickCount)
    xTaskIncrementTick                       0x0800b969   Thumb Code   194  tasks.o(i.xTaskIncrementTick)
    xTaskPriorityDisinherit                  0x0800ba35   Thumb Code   144  tasks.o(i.xTaskPriorityDisinherit)
    xTaskRemoveFromEventList                 0x0800bacd   Thumb Code   108  tasks.o(i.xTaskRemoveFromEventList)
    xTaskResumeAll                           0x0800bb41   Thumb Code   182  tasks.o(i.xTaskResumeAll)
    xTimerCreateTimerTask                    0x0800bc05   Thumb Code    78  timers.o(i.xTimerCreateTimerTask)
    xTimerGenericCommand                     0x0800bc65   Thumb Code    98  timers.o(i.xTimerGenericCommand)
    AHBPrescTable                            0x0800bd74   Data          16  system_stm32f4xx.o(.constdata)
    APBPrescTable                            0x0800bd84   Data           8  system_stm32f4xx.o(.constdata)
    xb                                       0x0800bd8c   Data          12  ins_task.o(.constdata)
    yb                                       0x0800bd98   Data          12  ins_task.o(.constdata)
    zb                                       0x0800bda4   Data          12  ins_task.o(.constdata)
    IMU_QuaternionEKF_F                      0x0800bdbc   Data         144  quaternionekf.o(.constdata)
    CRC8_TAB                                 0x0800be4c   Data         256  crc.o(.constdata)
    wCRC_Table                               0x0800bf4c   Data         512  crc.o(.constdata)
    sinTable_f32                             0x0800c154   Data        2052  arm_common_tables.o(.constdata)
    Region$$Table$$Base                      0x0800c99c   Number         0  anon$$obj.o(Region$$Table)
    Region$$Table$$Limit                     0x0800c9bc   Number         0  anon$$obj.o(Region$$Table)
    tx_data                                  0x20000000   Data           8  main.o(.data)
    Chassis_taskHandle                       0x20000008   Data           4  freertos.o(.data)
    UI_taskHandle                            0x2000000c   Data           4  freertos.o(.data)
    Gimbal_taskHandle                        0x20000010   Data           4  freertos.o(.data)
    INSTaskHandle                            0x20000014   Data           4  freertos.o(.data)
    exchangeTaskHandle                       0x20000018   Data           4  freertos.o(.data)
    defaultTaskHandle                        0x2000001c   Data           4  freertos.o(.data)
    TIM1_flag                                0x20000024   Data           1  stm32f4xx_it.o(.data)
    TIM1_Count                               0x20000026   Data           2  stm32f4xx_it.o(.data)
    SystemCoreClock                          0x20000028   Data           4  system_stm32f4xx.o(.data)
    INS_DWT_Count                            0x2000002c   Data           4  ins_task.o(.data)
    RefTemp                                  0x20000038   Data           4  ins_task.o(.data)
    SysTime                                  0x200000a0   Data           8  bsp_dwt.o(.data)
    CYCCNT64                                 0x200000a8   Data           8  bsp_dwt.o(.data)
    caliOffset                               0x200000b3   Data           1  bmi088driver.o(.data)
    caliCount                                0x200000b4   Data           2  bmi088driver.o(.data)
    BMI088_ACCEL_SEN                         0x200000bc   Data           4  bmi088driver.o(.data)
    BMI088_GYRO_SEN                          0x200000c0   Data           4  bmi088driver.o(.data)
    gNormDiff                                0x200000c8   Data           4  bmi088driver.o(.data)
    BMI088_SPI                               0x200000f8   Data           4  bmi088middleware.o(.data)
    sizeof_float                             0x200000fc   Data           2  kalman_filter.o(.data)
    sizeof_double                            0x200000fe   Data           2  kalman_filter.o(.data)
    IMU_QuaternionEKF_P                      0x20000158   Data         144  quaternionekf.o(.data)
    Vx                                       0x200001e8   Data           2  chassis_task.o(.data)
    Vy                                       0x200001ea   Data           2  chassis_task.o(.data)
    Wz                                       0x200001ec   Data           2  chassis_task.o(.data)
    motor_speed_target                       0x200001ee   Data           8  chassis_task.o(.data)
    chassis_motor_pid                        0x200001f8   Data          12  chassis_task.o(.data)
    superpid                                 0x20000204   Data          12  chassis_task.o(.data)
    chassis_mode                             0x20000210   Data           1  chassis_task.o(.data)
    referee_tx_fifo                          0x20000211   Data           1  ui_task.o(.data)
    UI_Seq                                   0x20000213   Data           1  ui_task.o(.data)
    mode_flag                                0x20000214   Data           1  gimbal_task.o(.data)
    err_yaw_angle                            0x20000218   Data           4  gimbal_task.o(.data)
    err_pitch_angle                          0x2000021c   Data           4  gimbal_task.o(.data)
    CRC_INIT                                 0x20000220   Data           2  crc.o(.data)
    can_cnt_1                                0x20000222   Data           2  drv_can.o(.data)
    judge_receive_length                     0x20000224   Data           1  drv_usart.o(.data)
    Hero_level                               0x20000228   Data           1  judge.o(.data)
    Hero_id                                  0x20000229   Data           1  judge.o(.data)
    Hero_42mm_speed_limit                    0x2000022a   Data           2  judge.o(.data)
    Hero_chassis_power_limit                 0x2000022c   Data           2  judge.o(.data)
    newpower                                 0x20000230   Data           4  judge.o(.data)
    Hero_42mm_speed                          0x20000234   Data           4  judge.o(.data)
    press_left                               0x20000238   Data           1  rc_potocal.o(.data)
    press_right                              0x20000239   Data           1  rc_potocal.o(.data)
    Rotate_w                                 0x2000023a   Data           2  rc_potocal.o(.data)
    w_flag                                   0x2000023c   Data           2  rc_potocal.o(.data)
    s_flag                                   0x2000023e   Data           2  rc_potocal.o(.data)
    a_flag                                   0x20000240   Data           2  rc_potocal.o(.data)
    d_flag                                   0x20000242   Data           2  rc_potocal.o(.data)
    q_flag                                   0x20000244   Data           2  rc_potocal.o(.data)
    e_flag                                   0x20000246   Data           2  rc_potocal.o(.data)
    shift_flag                               0x20000248   Data           2  rc_potocal.o(.data)
    ctrl_flag                                0x2000024a   Data           2  rc_potocal.o(.data)
    r_flag                                   0x2000024c   Data           2  rc_potocal.o(.data)
    f_flag                                   0x2000024e   Data           2  rc_potocal.o(.data)
    g_flag                                   0x20000250   Data           2  rc_potocal.o(.data)
    z_flag                                   0x20000252   Data           2  rc_potocal.o(.data)
    x_flag                                   0x20000254   Data           2  rc_potocal.o(.data)
    c_flag                                   0x20000256   Data           2  rc_potocal.o(.data)
    v_flag                                   0x20000258   Data           2  rc_potocal.o(.data)
    b_flag                                   0x2000025a   Data           2  rc_potocal.o(.data)
    temp_remote                              0x2000025c   Data           8  rc_potocal.o(.data)
    uwTickFreq                               0x20000264   Data           1  stm32f4xx_hal.o(.data)
    uwTickPrio                               0x20000268   Data           4  stm32f4xx_hal.o(.data)
    uwTick                                   0x2000026c   Data           4  stm32f4xx_hal.o(.data)
    pxCurrentTCB                             0x20000270   Data           4  tasks.o(.data)
    __microlib_freelist                      0x200002ec   Data           4  mvars.o(.data)
    __microlib_freelist_initialised          0x200002f0   Data           4  mvars.o(.data)
    hcan1                                    0x200009a0   Data          40  can.o(.bss)
    hcan2                                    0x200009c8   Data          40  can.o(.bss)
    hi2c3                                    0x200009f0   Data          84  i2c.o(.bss)
    hspi1                                    0x20000a44   Data          88  spi.o(.bss)
    hdma_spi1_rx                             0x20000a9c   Data          96  spi.o(.bss)
    hdma_spi1_tx                             0x20000afc   Data          96  spi.o(.bss)
    htim1                                    0x20000b5c   Data          72  tim.o(.bss)
    htim2                                    0x20000ba4   Data          72  tim.o(.bss)
    htim8                                    0x20000bec   Data          72  tim.o(.bss)
    htim9                                    0x20000c34   Data          72  tim.o(.bss)
    htim10                                   0x20000c7c   Data          72  tim.o(.bss)
    huart1                                   0x20000cc4   Data          68  usart.o(.bss)
    huart3                                   0x20000d08   Data          68  usart.o(.bss)
    huart6                                   0x20000d4c   Data          68  usart.o(.bss)
    hdma_usart1_rx                           0x20000d90   Data          96  usart.o(.bss)
    hdma_usart1_tx                           0x20000df0   Data          96  usart.o(.bss)
    hdma_usart3_rx                           0x20000e50   Data          96  usart.o(.bss)
    hdma_usart3_tx                           0x20000eb0   Data          96  usart.o(.bss)
    hdma_usart6_rx                           0x20000f10   Data          96  usart.o(.bss)
    hdma_usart6_tx                           0x20000f70   Data          96  usart.o(.bss)
    htim3                                    0x20000fd0   Data          72  stm32f4xx_hal_timebase_tim.o(.bss)
    TempCtrl                                 0x20001018   Data         170  ins_task.o(.bss)
    INS                                      0x200010c4   Data         128  ins_task.o(.bss)
    IMU_Param                                0x20001144   Data          28  ins_task.o(.bss)
    gyroDiff                                 0x20001160   Data          12  bmi088driver.o(.bss)
    BMI088                                   0x2000116c   Data          52  bmi088driver.o(.bss)
    QEKF_INS                                 0x200011a0   Data         480  quaternionekf.o(.bss)
    IMU_QuaternionEKF_K                      0x20001380   Data          72  quaternionekf.o(.bss)
    IMU_QuaternionEKF_H                      0x200013c8   Data          72  quaternionekf.o(.bss)
    motor_pid_chassis                        0x20001410   Data         272  chassis_task.o(.bss)
    supercap_pid                             0x20001520   Data          68  chassis_task.o(.bss)
    motor_info_chassis                       0x20001564   Data          96  chassis_task.o(.bss)
    ins_data                                 0x200015c4   Data          80  exchange.o(.bss)
    referee_uart_tx_buf                      0x20001614   Data         300  ui_task.o(.bss)
    graph1                                   0x20001740   Data          15  ui_task.o(.bss)
    graph2                                   0x2000174f   Data          15  ui_task.o(.bss)
    graph3                                   0x2000175e   Data          15  ui_task.o(.bss)
    graph4                                   0x2000176d   Data          15  ui_task.o(.bss)
    graph5                                   0x2000177c   Data          15  ui_task.o(.bss)
    graph6                                   0x2000178b   Data          15  ui_task.o(.bss)
    graph7                                   0x2000179a   Data          15  ui_task.o(.bss)
    graph8                                   0x200017a9   Data          15  ui_task.o(.bss)
    ui_str                                   0x200017b8   Data          45  ui_task.o(.bss)
    ui_str1                                  0x200017e5   Data          45  ui_task.o(.bss)
    userUI_control                           0x20001812   Data          10  ui_task.o(.bss)
    gimbal                                   0x2000181c   Data         180  gimbal_task.o(.bss)
    gimbalpitch                              0x200018d0   Data         180  gimbal_task.o(.bss)
    powerdata                                0x20001984   Data          16  drv_can.o(.bss)
    judge_dma_buffer                         0x20001994   Data         400  drv_usart.o(.bss)
    usart3_dma_rxbuf                         0x20001b24   Data          48  drv_usart.o(.bss)
    Judge_Hero                               0x20001b54   Data         186  judge.o(.bss)
    powerd                                   0x20001c0e   Data          16  judge.o(.bss)
    rc_ctrl                                  0x20001c1e   Data          22  rc_potocal.o(.bss)
    xQueueRegistry                           0x20001c34   Data          64  queue.o(.bss)
    __heap_base                              0x20007e78   Data           0  startup_stm32f407xx.o(HEAP)
    __heap_limit                             0x20009e78   Data           0  startup_stm32f407xx.o(HEAP)
    __initial_sp                             0x2000be78   Data           0  startup_stm32f407xx.o(STACK)



==============================================================================

Memory Map of the image

  Image Entry point : 0x08000189

  Load Region LR_IROM1 (Base: 0x08000000, Size: 0x0000ccb4, Max: 0x00100000, ABSOLUTE, COMPRESSED[0x0000ca38])

    Execution Region ER_IROM1 (Exec base: 0x08000000, Load base: 0x08000000, Size: 0x0000c9bc, Max: 0x00100000, ABSOLUTE)

    Exec Addr    Load Addr    Size         Type   Attr      Idx    E Section Name        Object

    0x08000000   0x08000000   0x00000188   Data   RO            3    RESET               startup_stm32f407xx.o
    0x08000188   0x08000188   0x00000000   Code   RO         7914  * .ARM.Collect$$$$00000000  mc_w.l(entry.o)
    0x08000188   0x08000188   0x00000004   Code   RO         7987    .ARM.Collect$$$$00000001  mc_w.l(entry2.o)
    0x0800018c   0x0800018c   0x00000004   Code   RO         7990    .ARM.Collect$$$$00000004  mc_w.l(entry5.o)
    0x08000190   0x08000190   0x00000000   Code   RO         7992    .ARM.Collect$$$$00000008  mc_w.l(entry7b.o)
    0x08000190   0x08000190   0x00000000   Code   RO         7994    .ARM.Collect$$$$0000000A  mc_w.l(entry8b.o)
    0x08000190   0x08000190   0x00000008   Code   RO         7995    .ARM.Collect$$$$0000000B  mc_w.l(entry9a.o)
    0x08000198   0x08000198   0x00000000   Code   RO         7997    .ARM.Collect$$$$0000000D  mc_w.l(entry10a.o)
    0x08000198   0x08000198   0x00000000   Code   RO         7999    .ARM.Collect$$$$0000000F  mc_w.l(entry11a.o)
    0x08000198   0x08000198   0x00000004   Code   RO         7988    .ARM.Collect$$$$00002712  mc_w.l(entry2.o)
    0x0800019c   0x0800019c   0x000000be   Code   RO         7477    .emb_text           port.o
    0x0800025a   0x0800025a   0x00000002   PAD
    0x0800025c   0x0800025c   0x00000024   Code   RO            4    .text               startup_stm32f407xx.o
    0x08000280   0x08000280   0x00000078   Code   RO         7557    .text               arm_cortexM4lf_math.lib(arm_cos_f32.o)
    0x080002f8   0x080002f8   0x00000094   Code   RO         7607    .text               arm_cortexM4lf_math.lib(arm_sin_f32.o)
    0x0800038c   0x0800038c   0x00000108   Code   RO         7631    .text               arm_cortexM4lf_math.lib(arm_mat_add_f32.o)
    0x08000494   0x08000494   0x00000008   Code   RO         7655    .text               arm_cortexM4lf_math.lib(arm_mat_init_f32.o)
    0x0800049c   0x0800049c   0x00000530   Code   RO         7679    .text               arm_cortexM4lf_math.lib(arm_mat_inverse_f32.o)
    0x080009cc   0x080009cc   0x0000013c   Code   RO         7703    .text               arm_cortexM4lf_math.lib(arm_mat_mult_f32.o)
    0x08000b08   0x08000b08   0x00000108   Code   RO         7727    .text               arm_cortexM4lf_math.lib(arm_mat_sub_f32.o)
    0x08000c10   0x08000c10   0x00000114   Code   RO         7751    .text               arm_cortexM4lf_math.lib(arm_mat_trans_f32.o)
    0x08000d24   0x08000d24   0x00000062   Code   RO         7917    .text               mc_w.l(uldiv.o)
    0x08000d86   0x08000d86   0x00000024   Code   RO         7919    .text               mc_w.l(memcpya.o)
    0x08000daa   0x08000daa   0x00000024   Code   RO         7923    .text               mc_w.l(memseta.o)
    0x08000dce   0x08000dce   0x0000014e   Code   RO         7957    .text               mf_w.l(dadd.o)
    0x08000f1c   0x08000f1c   0x000000e4   Code   RO         7959    .text               mf_w.l(dmul.o)
    0x08001000   0x08001000   0x000000de   Code   RO         7961    .text               mf_w.l(ddiv.o)
    0x080010de   0x080010de   0x00000022   Code   RO         7963    .text               mf_w.l(dflti.o)
    0x08001100   0x08001100   0x0000001a   Code   RO         7965    .text               mf_w.l(dfltui.o)
    0x0800111a   0x0800111a   0x00000026   Code   RO         7967    .text               mf_w.l(f2d.o)
    0x08001140   0x08001140   0x00000038   Code   RO         7969    .text               mf_w.l(d2f.o)
    0x08001178   0x08001178   0x0000001e   Code   RO         8001    .text               mc_w.l(llshl.o)
    0x08001196   0x08001196   0x00000020   Code   RO         8003    .text               mc_w.l(llushr.o)
    0x080011b6   0x080011b6   0x00000024   Code   RO         8005    .text               mc_w.l(llsshr.o)
    0x080011da   0x080011da   0x00000000   Code   RO         8016    .text               mc_w.l(iusefp.o)
    0x080011da   0x080011da   0x0000006e   Code   RO         8017    .text               mf_w.l(fepilogue.o)
    0x08001248   0x08001248   0x000000ba   Code   RO         8019    .text               mf_w.l(depilogue.o)
    0x08001302   0x08001302   0x00000002   PAD
    0x08001304   0x08001304   0x00000024   Code   RO         8025    .text               mc_w.l(init.o)
    0x08001328   0x08001328   0x00000056   Code   RO         8035    .text               mc_w.l(__dczerorl2.o)
    0x0800137e   0x0800137e   0x00000002   PAD
    0x08001380   0x08001380   0x00000028   Code   RO         2276    i.Append_CRC16_Check_Sum  crc.o
    0x080013a8   0x080013a8   0x0000001c   Code   RO         2277    i.Append_CRC8_Check_Sum  crc.o
    0x080013c4   0x080013c4   0x00000010   Code   RO         1316    i.BMI088_ACCEL_NS_H  bmi088middleware.o
    0x080013d4   0x080013d4   0x00000010   Code   RO         1317    i.BMI088_ACCEL_NS_L  bmi088middleware.o
    0x080013e4   0x080013e4   0x00000010   Code   RO         1318    i.BMI088_GYRO_NS_H  bmi088middleware.o
    0x080013f4   0x080013f4   0x00000010   Code   RO         1319    i.BMI088_GYRO_NS_L  bmi088middleware.o
    0x08001404   0x08001404   0x000001ac   Code   RO         1235    i.BMI088_Read       bmi088driver.o
    0x080015b0   0x080015b0   0x00000080   Code   RO         1236    i.BMI088_init       bmi088driver.o
    0x08001630   0x08001630   0x00000024   Code   RO         1237    i.BMI088_read_muli_reg  bmi088driver.o
    0x08001654   0x08001654   0x00000016   Code   RO         1238    i.BMI088_read_single_reg  bmi088driver.o
    0x0800166a   0x0800166a   0x00000002   PAD
    0x0800166c   0x0800166c   0x00000024   Code   RO         1320    i.BMI088_read_write_byte  bmi088middleware.o
    0x08001690   0x08001690   0x00000012   Code   RO         1239    i.BMI088_write_single_reg  bmi088driver.o
    0x080016a2   0x080016a2   0x000000ea   Code   RO         1021    i.BodyFrameToEarthFrame  ins_task.o
    0x0800178c   0x0800178c   0x00000002   Code   RO          708    i.BusFault_Handler  stm32f4xx_it.o
    0x0800178e   0x0800178e   0x00000002   PAD
    0x08001790   0x08001790   0x0000003c   Code   RO         2376    i.CAN1_Init         drv_can.o
    0x080017cc   0x080017cc   0x0000000c   Code   RO          709    i.CAN1_RX0_IRQHandler  stm32f4xx_it.o
    0x080017d8   0x080017d8   0x0000000c   Code   RO          710    i.CAN1_TX_IRQHandler  stm32f4xx_it.o
    0x080017e4   0x080017e4   0x0000003c   Code   RO         2377    i.CAN2_Init         drv_can.o
    0x08001820   0x08001820   0x0000000c   Code   RO          711    i.CAN2_RX0_IRQHandler  stm32f4xx_it.o
    0x0800182c   0x0800182c   0x0000000c   Code   RO          712    i.CAN2_TX_IRQHandler  stm32f4xx_it.o
    0x08001838   0x08001838   0x00000404   Code   RO         1240    i.Calibrate_MPU_Offset  bmi088driver.o
    0x08001c3c   0x08001c3c   0x00000084   Code   RO         1773    i.Chassis_task      chassis_task.o
    0x08001cc0   0x08001cc0   0x0000000c   Code   RO          713    i.DMA1_Stream1_IRQHandler  stm32f4xx_it.o
    0x08001ccc   0x08001ccc   0x0000000c   Code   RO          714    i.DMA1_Stream3_IRQHandler  stm32f4xx_it.o
    0x08001cd8   0x08001cd8   0x0000000c   Code   RO          715    i.DMA2_Stream0_IRQHandler  stm32f4xx_it.o
    0x08001ce4   0x08001ce4   0x0000000c   Code   RO          716    i.DMA2_Stream1_IRQHandler  stm32f4xx_it.o
    0x08001cf0   0x08001cf0   0x0000000c   Code   RO          717    i.DMA2_Stream2_IRQHandler  stm32f4xx_it.o
    0x08001cfc   0x08001cfc   0x0000000c   Code   RO          718    i.DMA2_Stream3_IRQHandler  stm32f4xx_it.o
    0x08001d08   0x08001d08   0x0000000c   Code   RO          719    i.DMA2_Stream6_IRQHandler  stm32f4xx_it.o
    0x08001d14   0x08001d14   0x0000000c   Code   RO          720    i.DMA2_Stream7_IRQHandler  stm32f4xx_it.o
    0x08001d20   0x08001d20   0x00000244   Code   RO         2457    i.DMAEx_MultiBufferStart_NoIT  drv_usart.o
    0x08001f64   0x08001f64   0x00000028   Code   RO         3296    i.DMA_CalcBaseAndBitshift  stm32f4xx_hal_dma.o
    0x08001f8c   0x08001f8c   0x00000054   Code   RO         3297    i.DMA_CheckFifoParam  stm32f4xx_hal_dma.o
    0x08001fe0   0x08001fe0   0x00000028   Code   RO         3298    i.DMA_SetConfig     stm32f4xx_hal_dma.o
    0x08002008   0x08002008   0x00000014   Code   RO         2458    i.DRV_USART3_IRQHandler  drv_usart.o
    0x0800201c   0x0800201c   0x00000014   Code   RO         2459    i.DRV_USART6_IRQHandler  drv_usart.o
    0x08002030   0x08002030   0x00000028   Code   RO         1130    i.DWT_CNT_Update    bsp_dwt.o
    0x08002058   0x08002058   0x00000034   Code   RO         1131    i.DWT_Delay         bsp_dwt.o
    0x0800208c   0x0800208c   0x00000044   Code   RO         1132    i.DWT_GetDeltaT     bsp_dwt.o
    0x080020d0   0x080020d0   0x00000044   Code   RO         1135    i.DWT_GetTimeline_s  bsp_dwt.o
    0x08002114   0x08002114   0x00000048   Code   RO         1137    i.DWT_Init          bsp_dwt.o
    0x0800215c   0x0800215c   0x00000094   Code   RO         1138    i.DWT_SysTimeUpdate  bsp_dwt.o
    0x080021f0   0x080021f0   0x00000002   Code   RO          721    i.DebugMon_Handler  stm32f4xx_it.o
    0x080021f2   0x080021f2   0x00000006   Code   RO          722    i.EXTI3_IRQHandler  stm32f4xx_it.o
    0x080021f8   0x080021f8   0x00000006   Code   RO          723    i.EXTI4_IRQHandler  stm32f4xx_it.o
    0x080021fe   0x080021fe   0x00000014   Code   RO          724    i.EXTI9_5_IRQHandler  stm32f4xx_it.o
    0x08002212   0x08002212   0x000000ea   Code   RO         1022    i.EarthFrameToBodyFrame  ins_task.o
    0x080022fc   0x080022fc   0x00000004   Code   RO           13    i.Error_Handler     main.o
    0x08002300   0x08002300   0x0000002c   Code   RO         2278    i.Get_CRC16_Check_Sum  crc.o
    0x0800232c   0x0800232c   0x0000001c   Code   RO         2279    i.Get_CRC8_Check_Sum  crc.o
    0x08002348   0x08002348   0x000000ec   Code   RO         2209    i.Gimbal_loop_Init  gimbal_task.o
    0x08002434   0x08002434   0x00000028   Code   RO         2210    i.Gimbal_task       gimbal_task.o
    0x0800245c   0x0800245c   0x00000024   Code   RO         2604    i.HAL_CAN_ActivateNotification  stm32f4xx_hal_can.o
    0x08002480   0x08002480   0x000000c8   Code   RO         2605    i.HAL_CAN_AddTxMessage  stm32f4xx_hal_can.o
    0x08002548   0x08002548   0x0000010c   Code   RO         2606    i.HAL_CAN_ConfigFilter  stm32f4xx_hal_can.o
    0x08002654   0x08002654   0x00000002   Code   RO         2609    i.HAL_CAN_ErrorCallback  stm32f4xx_hal_can.o
    0x08002656   0x08002656   0x000000e8   Code   RO         2612    i.HAL_CAN_GetRxMessage  stm32f4xx_hal_can.o
    0x0800273e   0x0800273e   0x000001fc   Code   RO         2616    i.HAL_CAN_IRQHandler  stm32f4xx_hal_can.o
    0x0800293a   0x0800293a   0x0000011a   Code   RO         2617    i.HAL_CAN_Init      stm32f4xx_hal_can.o
    0x08002a54   0x08002a54   0x0000011c   Code   RO          417    i.HAL_CAN_MspInit   can.o
    0x08002b70   0x08002b70   0x00000002   Code   RO         2624    i.HAL_CAN_RxFifo0FullCallback  stm32f4xx_hal_can.o
    0x08002b72   0x08002b72   0x00000002   PAD
    0x08002b74   0x08002b74   0x00000194   Code   RO         2378    i.HAL_CAN_RxFifo0MsgPendingCallback  drv_can.o
    0x08002d08   0x08002d08   0x00000002   Code   RO         2626    i.HAL_CAN_RxFifo1FullCallback  stm32f4xx_hal_can.o
    0x08002d0a   0x08002d0a   0x00000002   Code   RO         2627    i.HAL_CAN_RxFifo1MsgPendingCallback  stm32f4xx_hal_can.o
    0x08002d0c   0x08002d0c   0x00000002   Code   RO         2628    i.HAL_CAN_SleepCallback  stm32f4xx_hal_can.o
    0x08002d0e   0x08002d0e   0x00000002   PAD
    0x08002d10   0x08002d10   0x00000058   Code   RO         2629    i.HAL_CAN_Start     stm32f4xx_hal_can.o
    0x08002d68   0x08002d68   0x00000002   Code   RO         2631    i.HAL_CAN_TxMailbox0AbortCallback  stm32f4xx_hal_can.o
    0x08002d6a   0x08002d6a   0x00000002   Code   RO         2632    i.HAL_CAN_TxMailbox0CompleteCallback  stm32f4xx_hal_can.o
    0x08002d6c   0x08002d6c   0x00000002   Code   RO         2633    i.HAL_CAN_TxMailbox1AbortCallback  stm32f4xx_hal_can.o
    0x08002d6e   0x08002d6e   0x00000002   Code   RO         2634    i.HAL_CAN_TxMailbox1CompleteCallback  stm32f4xx_hal_can.o
    0x08002d70   0x08002d70   0x00000002   Code   RO         2635    i.HAL_CAN_TxMailbox2AbortCallback  stm32f4xx_hal_can.o
    0x08002d72   0x08002d72   0x00000002   Code   RO         2636    i.HAL_CAN_TxMailbox2CompleteCallback  stm32f4xx_hal_can.o
    0x08002d74   0x08002d74   0x00000002   Code   RO         2638    i.HAL_CAN_WakeUpFromRxMsgCallback  stm32f4xx_hal_can.o
    0x08002d76   0x08002d76   0x00000092   Code   RO         3299    i.HAL_DMA_Abort     stm32f4xx_hal_dma.o
    0x08002e08   0x08002e08   0x00000024   Code   RO         3300    i.HAL_DMA_Abort_IT  stm32f4xx_hal_dma.o
    0x08002e2c   0x08002e2c   0x000001a0   Code   RO         3304    i.HAL_DMA_IRQHandler  stm32f4xx_hal_dma.o
    0x08002fcc   0x08002fcc   0x000000d4   Code   RO         3305    i.HAL_DMA_Init      stm32f4xx_hal_dma.o
    0x080030a0   0x080030a0   0x0000006e   Code   RO         3309    i.HAL_DMA_Start_IT  stm32f4xx_hal_dma.o
    0x0800310e   0x0800310e   0x00000002   PAD
    0x08003110   0x08003110   0x00000024   Code   RO         3718    i.HAL_Delay         stm32f4xx_hal.o
    0x08003134   0x08003134   0x00000002   Code   RO         3190    i.HAL_GPIO_EXTI_Callback  stm32f4xx_hal_gpio.o
    0x08003136   0x08003136   0x00000002   PAD
    0x08003138   0x08003138   0x00000018   Code   RO         3191    i.HAL_GPIO_EXTI_IRQHandler  stm32f4xx_hal_gpio.o
    0x08003150   0x08003150   0x000001f0   Code   RO         3192    i.HAL_GPIO_Init     stm32f4xx_hal_gpio.o
    0x08003340   0x08003340   0x0000000a   Code   RO         3196    i.HAL_GPIO_WritePin  stm32f4xx_hal_gpio.o
    0x0800334a   0x0800334a   0x00000002   PAD
    0x0800334c   0x0800334c   0x0000000c   Code   RO         3724    i.HAL_GetTick       stm32f4xx_hal.o
    0x08003358   0x08003358   0x00000188   Code   RO         3980    i.HAL_I2C_Init      stm32f4xx_hal_i2c.o
    0x080034e0   0x080034e0   0x00000094   Code   RO          491    i.HAL_I2C_MspInit   i2c.o
    0x08003574   0x08003574   0x00000010   Code   RO         3730    i.HAL_IncTick       stm32f4xx_hal.o
    0x08003584   0x08003584   0x00000034   Code   RO         3731    i.HAL_Init          stm32f4xx_hal.o
    0x080035b8   0x080035b8   0x00000098   Code   RO          944    i.HAL_InitTick      stm32f4xx_hal_timebase_tim.o
    0x08003650   0x08003650   0x00000038   Code   RO          920    i.HAL_MspInit       stm32f4xx_hal_msp.o
    0x08003688   0x08003688   0x0000001a   Code   RO         3581    i.HAL_NVIC_EnableIRQ  stm32f4xx_hal_cortex.o
    0x080036a2   0x080036a2   0x00000002   PAD
    0x080036a4   0x080036a4   0x00000040   Code   RO         3587    i.HAL_NVIC_SetPriority  stm32f4xx_hal_cortex.o
    0x080036e4   0x080036e4   0x00000024   Code   RO         3588    i.HAL_NVIC_SetPriorityGrouping  stm32f4xx_hal_cortex.o
    0x08003708   0x08003708   0x00000134   Code   RO         2838    i.HAL_RCC_ClockConfig  stm32f4xx_hal_rcc.o
    0x0800383c   0x0800383c   0x00000040   Code   RO         2842    i.HAL_RCC_GetClockConfig  stm32f4xx_hal_rcc.o
    0x0800387c   0x0800387c   0x00000020   Code   RO         2845    i.HAL_RCC_GetPCLK1Freq  stm32f4xx_hal_rcc.o
    0x0800389c   0x0800389c   0x00000020   Code   RO         2846    i.HAL_RCC_GetPCLK2Freq  stm32f4xx_hal_rcc.o
    0x080038bc   0x080038bc   0x00000064   Code   RO         2847    i.HAL_RCC_GetSysClockFreq  stm32f4xx_hal_rcc.o
    0x08003920   0x08003920   0x0000036c   Code   RO         2850    i.HAL_RCC_OscConfig  stm32f4xx_hal_rcc.o
    0x08003c8c   0x08003c8c   0x00000002   Code   RO         4426    i.HAL_SPI_ErrorCallback  stm32f4xx_hal_spi.o
    0x08003c8e   0x08003c8e   0x00000002   PAD
    0x08003c90   0x08003c90   0x000000fc   Code   RO         4429    i.HAL_SPI_IRQHandler  stm32f4xx_hal_spi.o
    0x08003d8c   0x08003d8c   0x000000bc   Code   RO         4430    i.HAL_SPI_Init      stm32f4xx_hal_spi.o
    0x08003e48   0x08003e48   0x0000010c   Code   RO          533    i.HAL_SPI_MspInit   spi.o
    0x08003f54   0x08003f54   0x000001e2   Code   RO         4439    i.HAL_SPI_TransmitReceive  stm32f4xx_hal_spi.o
    0x08004136   0x08004136   0x00000002   Code   RO         5447    i.HAL_TIMEx_BreakCallback  stm32f4xx_hal_tim_ex.o
    0x08004138   0x08004138   0x00000002   Code   RO         5448    i.HAL_TIMEx_CommutCallback  stm32f4xx_hal_tim_ex.o
    0x0800413a   0x0800413a   0x00000002   PAD
    0x0800413c   0x0800413c   0x00000090   Code   RO         5466    i.HAL_TIMEx_MasterConfigSynchronization  stm32f4xx_hal_tim_ex.o
    0x080041cc   0x080041cc   0x0000005a   Code   RO         4743    i.HAL_TIM_Base_Init  stm32f4xx_hal_tim.o
    0x08004226   0x08004226   0x00000002   PAD
    0x08004228   0x08004228   0x000000e0   Code   RO          575    i.HAL_TIM_Base_MspInit  tim.o
    0x08004308   0x08004308   0x00000080   Code   RO         4748    i.HAL_TIM_Base_Start_IT  stm32f4xx_hal_tim.o
    0x08004388   0x08004388   0x000000dc   Code   RO         4752    i.HAL_TIM_ConfigClockSource  stm32f4xx_hal_tim.o
    0x08004464   0x08004464   0x00000002   Code   RO         4777    i.HAL_TIM_IC_CaptureCallback  stm32f4xx_hal_tim.o
    0x08004466   0x08004466   0x00000166   Code   RO         4791    i.HAL_TIM_IRQHandler  stm32f4xx_hal_tim.o
    0x080045cc   0x080045cc   0x00000054   Code   RO          576    i.HAL_TIM_MspPostInit  tim.o
    0x08004620   0x08004620   0x00000002   Code   RO         4794    i.HAL_TIM_OC_DelayElapsedCallback  stm32f4xx_hal_tim.o
    0x08004622   0x08004622   0x000000cc   Code   RO         4815    i.HAL_TIM_PWM_ConfigChannel  stm32f4xx_hal_tim.o
    0x080046ee   0x080046ee   0x0000005a   Code   RO         4818    i.HAL_TIM_PWM_Init  stm32f4xx_hal_tim.o
    0x08004748   0x08004748   0x00000002   Code   RO         4820    i.HAL_TIM_PWM_MspInit  stm32f4xx_hal_tim.o
    0x0800474a   0x0800474a   0x00000002   Code   RO         4821    i.HAL_TIM_PWM_PulseFinishedCallback  stm32f4xx_hal_tim.o
    0x0800474c   0x0800474c   0x000000c8   Code   RO         4823    i.HAL_TIM_PWM_Start  stm32f4xx_hal_tim.o
    0x08004814   0x08004814   0x00000014   Code   RO           14    i.HAL_TIM_PeriodElapsedCallback  main.o
    0x08004828   0x08004828   0x00000002   Code   RO         4834    i.HAL_TIM_TriggerCallback  stm32f4xx_hal_tim.o
    0x0800482a   0x0800482a   0x00000002   Code   RO         5725    i.HAL_UARTEx_RxEventCallback  stm32f4xx_hal_uart.o
    0x0800482c   0x0800482c   0x00000002   Code   RO         5739    i.HAL_UART_ErrorCallback  stm32f4xx_hal_uart.o
    0x0800482e   0x0800482e   0x00000002   PAD
    0x08004830   0x08004830   0x00000268   Code   RO         5742    i.HAL_UART_IRQHandler  stm32f4xx_hal_uart.o
    0x08004a98   0x08004a98   0x00000062   Code   RO         5743    i.HAL_UART_Init     stm32f4xx_hal_uart.o
    0x08004afa   0x08004afa   0x00000002   PAD
    0x08004afc   0x08004afc   0x000002d8   Code   RO          651    i.HAL_UART_MspInit  usart.o
    0x08004dd4   0x08004dd4   0x00000002   Code   RO         5749    i.HAL_UART_RxCpltCallback  stm32f4xx_hal_uart.o
    0x08004dd6   0x08004dd6   0x00000002   PAD
    0x08004dd8   0x08004dd8   0x0000008c   Code   RO         5752    i.HAL_UART_Transmit_DMA  stm32f4xx_hal_uart.o
    0x08004e64   0x08004e64   0x00000018   Code   RO         1995    i.HAL_UART_TxCpltCallback  ui_task.o
    0x08004e7c   0x08004e7c   0x00000002   Code   RO         5755    i.HAL_UART_TxHalfCpltCallback  stm32f4xx_hal_uart.o
    0x08004e7e   0x08004e7e   0x00000002   PAD
    0x08004e80   0x08004e80   0x000000fc   Code   RO         1370    i.H_K_R_Adjustment  kalman_filter.o
    0x08004f7c   0x08004f7c   0x00000002   Code   RO          725    i.HardFault_Handler  stm32f4xx_it.o
    0x08004f7e   0x08004f7e   0x00000002   PAD
    0x08004f80   0x08004f80   0x00000244   Code   RO         1024    i.IMU_Param_Correction  ins_task.o
    0x080051c4   0x080051c4   0x00000158   Code   RO         1709    i.IMU_QuaternionEKF_F_Linearization_P_Fading  quaternionekf.o
    0x0800531c   0x0800531c   0x000000dc   Code   RO         1710    i.IMU_QuaternionEKF_Init  quaternionekf.o
    0x080053f8   0x080053f8   0x00000034   Code   RO         1711    i.IMU_QuaternionEKF_Observe  quaternionekf.o
    0x0800542c   0x0800542c   0x000000c4   Code   RO         1712    i.IMU_QuaternionEKF_SetH  quaternionekf.o
    0x080054f0   0x080054f0   0x00000414   Code   RO         1713    i.IMU_QuaternionEKF_Update  quaternionekf.o
    0x08005904   0x08005904   0x000003b8   Code   RO         1714    i.IMU_QuaternionEKF_xhatUpdate  quaternionekf.o
    0x08005cbc   0x08005cbc   0x00000060   Code   RO         1025    i.IMU_Temperature_Ctrl  ins_task.o
    0x08005d1c   0x08005d1c   0x000000b8   Code   RO         1026    i.INS_Init          ins_task.o
    0x08005dd4   0x08005dd4   0x000001b4   Code   RO         1027    i.INS_Task          ins_task.o
    0x08005f88   0x08005f88   0x000001a4   Code   RO         2527    i.JUDGE_Receive     judge.o
    0x0800612c   0x0800612c   0x000003e8   Code   RO         1371    i.Kalman_Filter_Init  kalman_filter.o
    0x08006514   0x08006514   0x00000048   Code   RO         1372    i.Kalman_Filter_Measure  kalman_filter.o
    0x0800655c   0x0800655c   0x0000006a   Code   RO         1373    i.Kalman_Filter_P_Update  kalman_filter.o
    0x080065c6   0x080065c6   0x0000006c   Code   RO         1374    i.Kalman_Filter_PminusUpdate  kalman_filter.o
    0x08006632   0x08006632   0x000000cc   Code   RO         1375    i.Kalman_Filter_SetK  kalman_filter.o
    0x080066fe   0x080066fe   0x00000002   PAD
    0x08006700   0x08006700   0x000000e8   Code   RO         1376    i.Kalman_Filter_Update  kalman_filter.o
    0x080067e8   0x080067e8   0x00000074   Code   RO         1377    i.Kalman_Filter_xhatMinusUpdate  kalman_filter.o
    0x0800685c   0x0800685c   0x00000084   Code   RO         1378    i.Kalman_Filter_xhatUpdate  kalman_filter.o
    0x080068e0   0x080068e0   0x00000082   Code   RO         1996    i.Line_Draw         ui_task.o
    0x08006962   0x08006962   0x00000002   PAD
    0x08006964   0x08006964   0x00000044   Code   RO          418    i.MX_CAN1_Init      can.o
    0x080069a8   0x080069a8   0x00000044   Code   RO          419    i.MX_CAN2_Init      can.o
    0x080069ec   0x080069ec   0x000000ac   Code   RO          466    i.MX_DMA_Init       dma.o
    0x08006a98   0x08006a98   0x00000094   Code   RO          337    i.MX_FREERTOS_Init  freertos.o
    0x08006b2c   0x08006b2c   0x00000204   Code   RO          309    i.MX_GPIO_Init      gpio.o
    0x08006d30   0x08006d30   0x00000040   Code   RO          492    i.MX_I2C3_Init      i2c.o
    0x08006d70   0x08006d70   0x00000048   Code   RO          534    i.MX_SPI1_Init      spi.o
    0x08006db8   0x08006db8   0x00000068   Code   RO          577    i.MX_TIM10_Init     tim.o
    0x08006e20   0x08006e20   0x0000006c   Code   RO          578    i.MX_TIM1_Init      tim.o
    0x08006e8c   0x08006e8c   0x00000064   Code   RO          579    i.MX_TIM2_Init      tim.o
    0x08006ef0   0x08006ef0   0x00000068   Code   RO          580    i.MX_TIM8_Init      tim.o
    0x08006f58   0x08006f58   0x0000004c   Code   RO          581    i.MX_TIM9_Init      tim.o
    0x08006fa4   0x08006fa4   0x00000038   Code   RO          652    i.MX_USART1_UART_Init  usart.o
    0x08006fdc   0x08006fdc   0x0000003c   Code   RO          653    i.MX_USART3_UART_Init  usart.o
    0x08007018   0x08007018   0x00000038   Code   RO          654    i.MX_USART6_UART_Init  usart.o
    0x08007050   0x08007050   0x00000002   Code   RO          726    i.MemManage_Handler  stm32f4xx_it.o
    0x08007052   0x08007052   0x00000002   PAD
    0x08007054   0x08007054   0x0000007e   Code   RO         1774    i.Motor_Speed_limiting  chassis_task.o
    0x080070d2   0x080070d2   0x00000002   Code   RO          727    i.NMI_Handler       stm32f4xx_it.o
    0x080070d4   0x080070d4   0x000001f4   Code   RO         1455    i.OLS_Derivative    user_lib.o
    0x080072c8   0x080072c8   0x00000042   Code   RO         1456    i.OLS_Init          user_lib.o
    0x0800730a   0x0800730a   0x00000002   PAD
    0x0800730c   0x0800730c   0x0000044c   Code   RO         1610    i.PID_Calculate     controller.o
    0x08007758   0x08007758   0x0000006e   Code   RO         1611    i.PID_Init          controller.o
    0x080077c6   0x080077c6   0x00000084   Code   RO         1997    i.Rectangle_Draw    ui_task.o
    0x0800784a   0x0800784a   0x00000002   PAD
    0x0800784c   0x0800784c   0x0000000c   Code   RO          728    i.SPI1_IRQHandler   stm32f4xx_it.o
    0x08007858   0x08007858   0x00000010   Code   RO         4457    i.SPI_DMAAbortOnError  stm32f4xx_hal_spi.o
    0x08007868   0x08007868   0x00000058   Code   RO         4468    i.SPI_EndRxTxTransaction  stm32f4xx_hal_spi.o
    0x080078c0   0x080078c0   0x000000b8   Code   RO         4473    i.SPI_WaitFlagStateUntilTimeout  stm32f4xx_hal_spi.o
    0x08007978   0x08007978   0x00000024   Code   RO          338    i.StartDefaultTask  freertos.o
    0x0800799c   0x0800799c   0x00000010   Code   RO          339    i.StartINSTask      freertos.o
    0x080079ac   0x080079ac   0x0000002c   Code   RO         7478    i.SysTick_Handler   port.o
    0x080079d8   0x080079d8   0x00000094   Code   RO           15    i.SystemClock_Config  main.o
    0x08007a6c   0x08007a6c   0x0000001c   Code   RO          984    i.SystemInit        system_stm32f4xx.o
    0x08007a88   0x08007a88   0x0000001c   Code   RO          729    i.TIM1_BRK_TIM9_IRQHandler  stm32f4xx_it.o
    0x08007aa4   0x08007aa4   0x00000050   Code   RO          730    i.TIM1_UP_TIM10_IRQHandler  stm32f4xx_it.o
    0x08007af4   0x08007af4   0x0000000c   Code   RO          731    i.TIM2_IRQHandler   stm32f4xx_it.o
    0x08007b00   0x08007b00   0x0000000c   Code   RO          732    i.TIM3_IRQHandler   stm32f4xx_it.o
    0x08007b0c   0x08007b0c   0x0000000c   Code   RO          733    i.TIM8_BRK_TIM12_IRQHandler  stm32f4xx_it.o
    0x08007b18   0x08007b18   0x0000000c   Code   RO          734    i.TIM8_UP_TIM13_IRQHandler  stm32f4xx_it.o
    0x08007b24   0x08007b24   0x000000c8   Code   RO         4836    i.TIM_Base_SetConfig  stm32f4xx_hal_tim.o
    0x08007bec   0x08007bec   0x0000001a   Code   RO         4837    i.TIM_CCxChannelCmd  stm32f4xx_hal_tim.o
    0x08007c06   0x08007c06   0x00000014   Code   RO         4847    i.TIM_ETR_SetConfig  stm32f4xx_hal_tim.o
    0x08007c1a   0x08007c1a   0x00000010   Code   RO         4848    i.TIM_ITRx_SetConfig  stm32f4xx_hal_tim.o
    0x08007c2a   0x08007c2a   0x00000002   PAD
    0x08007c2c   0x08007c2c   0x00000060   Code   RO         4849    i.TIM_OC1_SetConfig  stm32f4xx_hal_tim.o
    0x08007c8c   0x08007c8c   0x0000006c   Code   RO         4850    i.TIM_OC2_SetConfig  stm32f4xx_hal_tim.o
    0x08007cf8   0x08007cf8   0x00000068   Code   RO         4851    i.TIM_OC3_SetConfig  stm32f4xx_hal_tim.o
    0x08007d60   0x08007d60   0x00000050   Code   RO         4852    i.TIM_OC4_SetConfig  stm32f4xx_hal_tim.o
    0x08007db0   0x08007db0   0x0000002a   Code   RO         1207    i.TIM_Set_PWM       bsp_pwm.o
    0x08007dda   0x08007dda   0x00000022   Code   RO         4854    i.TIM_TI1_ConfigInputStage  stm32f4xx_hal_tim.o
    0x08007dfc   0x08007dfc   0x00000024   Code   RO         4856    i.TIM_TI2_ConfigInputStage  stm32f4xx_hal_tim.o
    0x08007e20   0x08007e20   0x00000010   Code   RO         5756    i.UART_DMAAbortOnError  stm32f4xx_hal_uart.o
    0x08007e30   0x08007e30   0x0000004a   Code   RO         5757    i.UART_DMAError     stm32f4xx_hal_uart.o
    0x08007e7a   0x08007e7a   0x00000042   Code   RO         5762    i.UART_DMATransmitCplt  stm32f4xx_hal_uart.o
    0x08007ebc   0x08007ebc   0x0000000a   Code   RO         5764    i.UART_DMATxHalfCplt  stm32f4xx_hal_uart.o
    0x08007ec6   0x08007ec6   0x0000004e   Code   RO         5766    i.UART_EndRxTransfer  stm32f4xx_hal_uart.o
    0x08007f14   0x08007f14   0x0000001c   Code   RO         5767    i.UART_EndTxTransfer  stm32f4xx_hal_uart.o
    0x08007f30   0x08007f30   0x000000c0   Code   RO         5768    i.UART_Receive_IT   stm32f4xx_hal_uart.o
    0x08007ff0   0x08007ff0   0x0000010c   Code   RO         5769    i.UART_SetConfig    stm32f4xx_hal_uart.o
    0x080080fc   0x080080fc   0x00000084   Code   RO         1998    i.UI_Task           ui_task.o
    0x08008180   0x08008180   0x000000d8   Code   RO         1999    i.UI_delete         ui_task.o
    0x08008258   0x08008258   0x0000000c   Code   RO          735    i.USART1_IRQHandler  stm32f4xx_it.o
    0x08008264   0x08008264   0x00000018   Code   RO          736    i.USART3_IRQHandler  stm32f4xx_it.o
    0x0800827c   0x0800827c   0x0000003c   Code   RO         2460    i.USART3_Init       drv_usart.o
    0x080082b8   0x080082b8   0x00000194   Code   RO         2571    i.USART3_rxDataHandler  rc_potocal.o
    0x0800844c   0x0800844c   0x00000018   Code   RO          737    i.USART6_IRQHandler  stm32f4xx_it.o
    0x08008464   0x08008464   0x0000003c   Code   RO         2461    i.USART6_Init       drv_usart.o
    0x080084a0   0x080084a0   0x0000003c   Code   RO         2528    i.Update_data       judge.o
    0x080084dc   0x080084dc   0x00000002   Code   RO          738    i.UsageFault_Handler  stm32f4xx_it.o
    0x080084de   0x080084de   0x00000002   PAD
    0x080084e0   0x080084e0   0x0000003c   Code   RO         2280    i.Verify_CRC16_Check_Sum  crc.o
    0x0800851c   0x0800851c   0x00000026   Code   RO         2281    i.Verify_CRC8_Check_Sum  crc.o
    0x08008542   0x08008542   0x00000026   Code   RO         7971    i.__ARM_fpclassifyf  m_wm.l(fpclassifyf.o)
    0x08008568   0x08008568   0x00000020   Code   RO         3594    i.__NVIC_SetPriority  stm32f4xx_hal_cortex.o
    0x08008588   0x08008588   0x00000118   Code   RO         7854    i.__hardfp_acosf    m_wm.l(acosf.o)
    0x080086a0   0x080086a0   0x0000012c   Code   RO         7866    i.__hardfp_asinf    m_wm.l(asinf.o)
    0x080087cc   0x080087cc   0x00000250   Code   RO         7878    i.__hardfp_atan2f   m_wm.l(atan2f.o)
    0x08008a1c   0x08008a1c   0x0000003a   Code   RO         7896    i.__hardfp_sqrtf    m_wm.l(sqrtf_full.o)
    0x08008a56   0x08008a56   0x00000006   Code   RO         7974    i.__mathlib_flt_infnan  m_wm.l(funder.o)
    0x08008a5c   0x08008a5c   0x00000006   Code   RO         7975    i.__mathlib_flt_infnan2  m_wm.l(funder.o)
    0x08008a62   0x08008a62   0x00000002   PAD
    0x08008a64   0x08008a64   0x00000010   Code   RO         7976    i.__mathlib_flt_invalid  m_wm.l(funder.o)
    0x08008a74   0x08008a74   0x00000010   Code   RO         7979    i.__mathlib_flt_underflow  m_wm.l(funder.o)
    0x08008a84   0x08008a84   0x0000000e   Code   RO         8029    i.__scatterload_copy  mc_w.l(handlers.o)
    0x08008a92   0x08008a92   0x00000002   Code   RO         8030    i.__scatterload_null  mc_w.l(handlers.o)
    0x08008a94   0x08008a94   0x0000000e   Code   RO         8031    i.__scatterload_zeroinit  mc_w.l(handlers.o)
    0x08008aa2   0x08008aa2   0x00000002   PAD
    0x08008aa4   0x08008aa4   0x0000000c   Code   RO         8011    i.__set_errno       mc_w.l(errno.o)
    0x08008ab0   0x08008ab0   0x00000128   Code   RO         1241    i.bmi088_accel_init  bmi088driver.o
    0x08008bd8   0x08008bd8   0x000000fc   Code   RO         1242    i.bmi088_gyro_init  bmi088driver.o
    0x08008cd4   0x08008cd4   0x00000024   Code   RO         2379    i.can_remote        drv_can.o
    0x08008cf8   0x08008cf8   0x00000074   Code   RO         1775    i.chassis_current_give  chassis_task.o
    0x08008d6c   0x08008d6c   0x0000003c   Code   RO         1776    i.chassis_motol_speed_calculate  chassis_task.o
    0x08008da8   0x08008da8   0x00000038   Code   RO         2211    i.detel_calc        gimbal_task.o
    0x08008de0   0x08008de0   0x0000004c   Code   RO         2462    i.dma_m0_rxcplt_callback  drv_usart.o
    0x08008e2c   0x08008e2c   0x00000048   Code   RO         2463    i.dma_m1_rxcplt_callback  drv_usart.o
    0x08008e74   0x08008e74   0x0000002c   Code   RO         1953    i.exchange_task     exchange.o
    0x08008ea0   0x08008ea0   0x000000b2   Code   RO         1614    i.f_Changing_Integration_Rate  controller.o
    0x08008f52   0x08008f52   0x00000002   PAD
    0x08008f54   0x08008f54   0x000000ba   Code   RO         1615    i.f_Derivative_On_Measurement  controller.o
    0x0800900e   0x0800900e   0x0000009a   Code   RO         1616    i.f_Integral_Limit  controller.o
    0x080090a8   0x080090a8   0x00000020   Code   RO         1461    i.float_constrain   user_lib.o
    0x080090c8   0x080090c8   0x00000022   Code   RO         1463    i.float_rounding    user_lib.o
    0x080090ea   0x080090ea   0x00000002   PAD
    0x080090ec   0x080090ec   0x00000010   Code   RO         2001    i.get_client_id     ui_task.o
    0x080090fc   0x080090fc   0x000000d8   Code   RO         2337    i.gimbal_PID_calc1  pid.o
    0x080091d4   0x080091d4   0x00000050   Code   RO         2212    i.gimbal_current_give  gimbal_task.o
    0x08009224   0x08009224   0x000000e8   Code   RO         2213    i.gimbal_pitch_control  gimbal_task.o
    0x0800930c   0x0800930c   0x000000d0   Code   RO         2214    i.gimbal_yaw_control  gimbal_task.o
    0x080093dc   0x080093dc   0x0000002c   Code   RO         1715    i.invSqrt           quaternionekf.o
    0x08009408   0x08009408   0x000000a4   Code   RO           16    i.main              main.o
    0x080094ac   0x080094ac   0x0000000c   Code   RO         7043    i.makeFreeRtosPriority  cmsis_os.o
    0x080094b8   0x080094b8   0x0000006c   Code   RO         7930    i.malloc            mc_w.l(malloc.o)
    0x08009524   0x08009524   0x0000000e   Code   RO         7045    i.osDelay           cmsis_os.o
    0x08009532   0x08009532   0x0000000a   Code   RO         7048    i.osKernelStart     cmsis_os.o
    0x0800953c   0x0800953c   0x00000054   Code   RO         7082    i.osThreadCreate    cmsis_os.o
    0x08009590   0x08009590   0x000000a8   Code   RO         2338    i.pid_calc          pid.o
    0x08009638   0x08009638   0x0000005c   Code   RO         2339    i.pid_init          pid.o
    0x08009694   0x08009694   0x00000054   Code   RO         2215    i.pitch_current_give  gimbal_task.o
    0x080096e8   0x080096e8   0x00000078   Code   RO         6537    i.prvAddCurrentTaskToDelayedList  tasks.o
    0x08009760   0x08009760   0x000000d0   Code   RO         6538    i.prvAddNewTaskToReadyList  tasks.o
    0x08009830   0x08009830   0x00000058   Code   RO         6885    i.prvCheckForValidListAndQueue  timers.o
    0x08009888   0x08009888   0x00000026   Code   RO         6200    i.prvCopyDataFromQueue  queue.o
    0x080098ae   0x080098ae   0x0000006c   Code   RO         6201    i.prvCopyDataToQueue  queue.o
    0x0800991a   0x0800991a   0x00000034   Code   RO         6539    i.prvDeleteTCB      tasks.o
    0x0800994e   0x0800994e   0x00000002   PAD
    0x08009950   0x08009950   0x0000004c   Code   RO         7422    i.prvHeapInit       heap_4.o
    0x0800999c   0x0800999c   0x00000060   Code   RO         6540    i.prvIdleTask       tasks.o
    0x080099fc   0x080099fc   0x00000016   Code   RO         6203    i.prvInitialiseNewQueue  queue.o
    0x08009a12   0x08009a12   0x00000002   PAD
    0x08009a14   0x08009a14   0x000000b4   Code   RO         6541    i.prvInitialiseNewTask  tasks.o
    0x08009ac8   0x08009ac8   0x0000004c   Code   RO         7423    i.prvInsertBlockIntoFreeList  heap_4.o
    0x08009b14   0x08009b14   0x00000038   Code   RO         6887    i.prvInsertTimerInActiveList  timers.o
    0x08009b4c   0x08009b4c   0x0000001c   Code   RO         6204    i.prvIsQueueEmpty   queue.o
    0x08009b68   0x08009b68   0x000000fc   Code   RO         6888    i.prvProcessReceivedCommands  timers.o
    0x08009c64   0x08009c64   0x000000c0   Code   RO         6889    i.prvProcessTimerOrBlockTask  timers.o
    0x08009d24   0x08009d24   0x00000020   Code   RO         6542    i.prvResetNextTaskUnblockTime  tasks.o
    0x08009d44   0x08009d44   0x00000028   Code   RO         6890    i.prvSampleTimeNow  timers.o
    0x08009d6c   0x08009d6c   0x0000006c   Code   RO         6891    i.prvSwitchTimerLists  timers.o
    0x08009dd8   0x08009dd8   0x00000028   Code   RO         7479    i.prvTaskExitError  port.o
    0x08009e00   0x08009e00   0x00000024   Code   RO         6892    i.prvTimerTask      timers.o
    0x08009e24   0x08009e24   0x0000006a   Code   RO         6205    i.prvUnlockQueue    queue.o
    0x08009e8e   0x08009e8e   0x00000002   PAD
    0x08009e90   0x08009e90   0x000000dc   Code   RO         7424    i.pvPortMalloc      heap_4.o
    0x08009f6c   0x08009f6c   0x0000002c   Code   RO         7480    i.pxPortInitialiseStack  port.o
    0x08009f98   0x08009f98   0x0000005c   Code   RO         2380    i.set_gimbal_current  drv_can.o
    0x08009ff4   0x08009ff4   0x0000005c   Code   RO         2381    i.set_motor_current_can1  drv_can.o
    0x0800a050   0x0800a050   0x0000005c   Code   RO         2383    i.set_pitch_current  drv_can.o
    0x0800a0ac   0x0800a0ac   0x0000003e   Code   RO         7898    i.sqrtf             m_wm.l(sqrtf_full.o)
    0x0800a0ea   0x0800a0ea   0x00000002   PAD
    0x0800a0ec   0x0800a0ec   0x000000ae   Code   RO         2004    i.string_Draw       ui_task.o
    0x0800a19a   0x0800a19a   0x00000002   PAD
    0x0800a19c   0x0800a19c   0x0000009c   Code   RO         2464    i.uart_rx_idle_callback  drv_usart.o
    0x0800a238   0x0800a238   0x000000e0   Code   RO         2005    i.ui_display_1_graph  ui_task.o
    0x0800a318   0x0800a318   0x00000180   Code   RO         2008    i.ui_display_7_graph  ui_task.o
    0x0800a498   0x0800a498   0x000000e0   Code   RO         2009    i.ui_display_string  ui_task.o
    0x0800a578   0x0800a578   0x00000018   Code   RO         2010    i.usart6_tx_dma_enable  ui_task.o
    0x0800a590   0x0800a590   0x000001e8   Code   RO         2011    i.userUI_draw_background  ui_task.o
    0x0800a778   0x0800a778   0x00000118   Code   RO         2012    i.userUI_draw_constant_power_allowance  ui_task.o
    0x0800a890   0x0800a890   0x00000150   Code   RO         2013    i.userUI_draw_foresight_1  ui_task.o
    0x0800a9e0   0x0800a9e0   0x00000140   Code   RO         2014    i.userUI_draw_foresight_4  ui_task.o
    0x0800ab20   0x0800ab20   0x00000144   Code   RO         2015    i.userUI_draw_foresight_5  ui_task.o
    0x0800ac64   0x0800ac64   0x00000138   Code   RO         2016    i.userUI_draw_foresight_6  ui_task.o
    0x0800ad9c   0x0800ad9c   0x00000098   Code   RO         2017    i.userUI_draw_robot_xtl_mode  ui_task.o
    0x0800ae34   0x0800ae34   0x0000006c   Code   RO         2018    i.userUI_init       ui_task.o
    0x0800aea0   0x0800aea0   0x00000026   Code   RO         6163    i.uxListRemove      list.o
    0x0800aec6   0x0800aec6   0x00000002   PAD
    0x0800aec8   0x0800aec8   0x00000014   Code   RO          340    i.vApplicationGetIdleTaskMemory  freertos.o
    0x0800aedc   0x0800aedc   0x00000018   Code   RO          341    i.vApplicationGetTimerTaskMemory  freertos.o
    0x0800aef4   0x0800aef4   0x00000016   Code   RO         6164    i.vListInitialise   list.o
    0x0800af0a   0x0800af0a   0x00000006   Code   RO         6165    i.vListInitialiseItem  list.o
    0x0800af10   0x0800af10   0x00000030   Code   RO         6166    i.vListInsert       list.o
    0x0800af40   0x0800af40   0x00000018   Code   RO         6167    i.vListInsertEnd    list.o
    0x0800af58   0x0800af58   0x00000040   Code   RO         7482    i.vPortEnterCritical  port.o
    0x0800af98   0x0800af98   0x00000028   Code   RO         7483    i.vPortExitCritical  port.o
    0x0800afc0   0x0800afc0   0x00000064   Code   RO         7425    i.vPortFree         heap_4.o
    0x0800b024   0x0800b024   0x00000024   Code   RO         7484    i.vPortSetupTimerInterrupt  port.o
    0x0800b048   0x0800b048   0x00000054   Code   RO         7485    i.vPortValidateInterruptPriority  port.o
    0x0800b09c   0x0800b09c   0x00000028   Code   RO         6209    i.vQueueAddToRegistry  queue.o
    0x0800b0c4   0x0800b0c4   0x00000044   Code   RO         6212    i.vQueueWaitForMessageRestricted  queue.o
    0x0800b108   0x0800b108   0x0000004c   Code   RO         6553    i.vTaskDelay        tasks.o
    0x0800b154   0x0800b154   0x00000010   Code   RO         6557    i.vTaskInternalSetTimeOutState  tasks.o
    0x0800b164   0x0800b164   0x0000000c   Code   RO         6558    i.vTaskMissedYield  tasks.o
    0x0800b170   0x0800b170   0x00000030   Code   RO         6560    i.vTaskPlaceOnEventList  tasks.o
    0x0800b1a0   0x0800b1a0   0x00000038   Code   RO         6561    i.vTaskPlaceOnEventListRestricted  tasks.o
    0x0800b1d8   0x0800b1d8   0x00000088   Code   RO         6568    i.vTaskStartScheduler  tasks.o
    0x0800b260   0x0800b260   0x00000010   Code   RO         6570    i.vTaskSuspendAll   tasks.o
    0x0800b270   0x0800b270   0x0000005c   Code   RO         6571    i.vTaskSwitchContext  tasks.o
    0x0800b2cc   0x0800b2cc   0x000000f4   Code   RO         7486    i.xPortStartScheduler  port.o
    0x0800b3c0   0x0800b3c0   0x00000066   Code   RO         6216    i.xQueueGenericCreateStatic  queue.o
    0x0800b426   0x0800b426   0x00000002   PAD
    0x0800b428   0x0800b428   0x00000088   Code   RO         6217    i.xQueueGenericReset  queue.o
    0x0800b4b0   0x0800b4b0   0x00000160   Code   RO         6218    i.xQueueGenericSend  queue.o
    0x0800b610   0x0800b610   0x000000be   Code   RO         6219    i.xQueueGenericSendFromISR  queue.o
    0x0800b6ce   0x0800b6ce   0x00000002   PAD
    0x0800b6d0   0x0800b6d0   0x00000138   Code   RO         6227    i.xQueueReceive     queue.o
    0x0800b808   0x0800b808   0x00000088   Code   RO         6574    i.xTaskCheckForTimeOut  tasks.o
    0x0800b890   0x0800b890   0x0000005a   Code   RO         6575    i.xTaskCreate       tasks.o
    0x0800b8ea   0x0800b8ea   0x00000056   Code   RO         6576    i.xTaskCreateStatic  tasks.o
    0x0800b940   0x0800b940   0x0000001c   Code   RO         6581    i.xTaskGetSchedulerState  tasks.o
    0x0800b95c   0x0800b95c   0x0000000c   Code   RO         6582    i.xTaskGetTickCount  tasks.o
    0x0800b968   0x0800b968   0x000000cc   Code   RO         6584    i.xTaskIncrementTick  tasks.o
    0x0800ba34   0x0800ba34   0x00000098   Code   RO         6587    i.xTaskPriorityDisinherit  tasks.o
    0x0800bacc   0x0800bacc   0x00000074   Code   RO         6589    i.xTaskRemoveFromEventList  tasks.o
    0x0800bb40   0x0800bb40   0x000000c4   Code   RO         6590    i.xTaskResumeAll    tasks.o
    0x0800bc04   0x0800bc04   0x00000060   Code   RO         6899    i.xTimerCreateTimerTask  timers.o
    0x0800bc64   0x0800bc64   0x00000068   Code   RO         6900    i.xTimerGenericCommand  timers.o
    0x0800bccc   0x0800bccc   0x000000a8   Data   RO          343    .constdata          freertos.o
    0x0800bd74   0x0800bd74   0x00000010   Data   RO          985    .constdata          system_stm32f4xx.o
    0x0800bd84   0x0800bd84   0x00000008   Data   RO          986    .constdata          system_stm32f4xx.o
    0x0800bd8c   0x0800bd8c   0x00000030   Data   RO         1031    .constdata          ins_task.o
    0x0800bdbc   0x0800bdbc   0x00000090   Data   RO         1717    .constdata          quaternionekf.o
    0x0800be4c   0x0800be4c   0x00000300   Data   RO         2283    .constdata          crc.o
    0x0800c14c   0x0800c14c   0x00000008   Data   RO         3311    .constdata          stm32f4xx_hal_dma.o
    0x0800c154   0x0800c154   0x00000804   Data   RO         7831    .constdata          arm_cortexM4lf_math.lib(arm_common_tables.o)
    0x0800c958   0x0800c958   0x00000044   Data   RO          344    .conststring        freertos.o
    0x0800c99c   0x0800c99c   0x00000020   Data   RO         8027    Region$$Table       anon$$obj.o


    Execution Region RW_IRAM1 (Exec base: 0x20000000, Load base: 0x0800c9bc, Size: 0x0000be78, Max: 0x0001c000, ABSOLUTE, COMPRESSED[0x0000007c])

    Exec Addr    Load Addr    Size         Type   Attr      Idx    E Section Name        Object

    0x20000000   COMPRESSED   0x00000008   Data   RW           21    .data               main.o
    0x20000008   COMPRESSED   0x00000018   Data   RW          345    .data               freertos.o
    0x20000020   COMPRESSED   0x00000004   Data   RW          421    .data               can.o
    0x20000024   COMPRESSED   0x00000004   Data   RW          739    .data               stm32f4xx_it.o
    0x20000028   COMPRESSED   0x00000004   Data   RW          987    .data               system_stm32f4xx.o
    0x2000002c   COMPRESSED   0x00000044   Data   RW         1032    .data               ins_task.o
    0x20000070   COMPRESSED   0x00000040   Data   RW         1139    .data               bsp_dwt.o
    0x200000b0   COMPRESSED   0x00000048   Data   RW         1244    .data               bmi088driver.o
    0x200000f8   COMPRESSED   0x00000004   Data   RW         1321    .data               bmi088middleware.o
    0x200000fc   COMPRESSED   0x00000004   Data   RW         1379    .data               kalman_filter.o
    0x20000100   COMPRESSED   0x00000014   Data   RW         1472    .data               user_lib.o
    0x20000114   COMPRESSED   0x000000d4   Data   RW         1718    .data               quaternionekf.o
    0x200001e8   COMPRESSED   0x00000028   Data   RW         1778    .data               chassis_task.o
    0x20000210   COMPRESSED   0x00000001   Data   RW         1780    .data               chassis_task.o
    0x20000211   COMPRESSED   0x00000003   Data   RW         2022    .data               ui_task.o
    0x20000214   COMPRESSED   0x0000000c   Data   RW         2217    .data               gimbal_task.o
    0x20000220   COMPRESSED   0x00000002   Data   RW         2284    .data               crc.o
    0x20000222   COMPRESSED   0x00000002   Data   RW         2386    .data               drv_can.o
    0x20000224   COMPRESSED   0x00000001   Data   RW         2466    .data               drv_usart.o
    0x20000225   COMPRESSED   0x00000003   PAD
    0x20000228   COMPRESSED   0x00000010   Data   RW         2532    .data               judge.o
    0x20000238   COMPRESSED   0x0000002c   Data   RW         2573    .data               rc_potocal.o
    0x20000264   COMPRESSED   0x0000000c   Data   RW         3738    .data               stm32f4xx_hal.o
    0x20000270   COMPRESSED   0x0000003c   Data   RW         6593    .data               tasks.o
    0x200002ac   COMPRESSED   0x00000014   Data   RW         6908    .data               timers.o
    0x200002c0   COMPRESSED   0x00000020   Data   RW         7431    .data               heap_4.o
    0x200002e0   COMPRESSED   0x0000000c   Data   RW         7487    .data               port.o
    0x200002ec   COMPRESSED   0x00000004   Data   RW         8007    .data               mc_w.l(mvars.o)
    0x200002f0   COMPRESSED   0x00000004   Data   RW         8008    .data               mc_w.l(mvars.o)
    0x200002f4   COMPRESSED   0x00000004   Data   RW         8012    .data               mc_w.l(errno.o)
    0x200002f8        -       0x000006a8   Zero   RW          342    .bss                freertos.o
    0x200009a0        -       0x00000050   Zero   RW          420    .bss                can.o
    0x200009f0        -       0x00000054   Zero   RW          493    .bss                i2c.o
    0x20000a44        -       0x00000118   Zero   RW          535    .bss                spi.o
    0x20000b5c        -       0x00000168   Zero   RW          582    .bss                tim.o
    0x20000cc4        -       0x0000030c   Zero   RW          655    .bss                usart.o
    0x20000fd0        -       0x00000048   Zero   RW          947    .bss                stm32f4xx_hal_timebase_tim.o
    0x20001018        -       0x00000148   Zero   RW         1030    .bss                ins_task.o
    0x20001160        -       0x00000040   Zero   RW         1243    .bss                bmi088driver.o
    0x200011a0        -       0x00000270   Zero   RW         1716    .bss                quaternionekf.o
    0x20001410        -       0x000001b4   Zero   RW         1777    .bss                chassis_task.o
    0x200015c4        -       0x00000050   Zero   RW         1954    .bss                exchange.o
    0x20001614        -       0x00000208   Zero   RW         2019    .bss                ui_task.o
    0x2000181c        -       0x00000168   Zero   RW         2216    .bss                gimbal_task.o
    0x20001984        -       0x00000010   Zero   RW         2384    .bss                drv_can.o
    0x20001994        -       0x000001c0   Zero   RW         2465    .bss                drv_usart.o
    0x20001b54        -       0x000000ca   Zero   RW         2529    .bss                judge.o
    0x20001c1e        -       0x00000016   Zero   RW         2572    .bss                rc_potocal.o
    0x20001c34        -       0x00000040   Zero   RW         6230    .bss                queue.o
    0x20001c74        -       0x000000f0   Zero   RW         6592    .bss                tasks.o
    0x20001d64        -       0x00000110   Zero   RW         6907    .bss                timers.o
    0x20001e74        -       0x00006000   Zero   RW         7430    .bss                heap_4.o
    0x20007e74   COMPRESSED   0x00000004   PAD
    0x20007e78        -       0x00002000   Zero   RW            2    HEAP                startup_stm32f407xx.o
    0x20009e78        -       0x00002000   Zero   RW            1    STACK               startup_stm32f407xx.o


    Execution Region RW_IRAM2 (Exec base: 0x2001c000, Load base: 0x0800ca38, Size: 0x00000000, Max: 0x00004000, ABSOLUTE)

    **** No section assigned to this execution region ****


==============================================================================

Image component sizes


      Code (inc. data)   RO Data    RW Data    ZI Data      Debug   Object Name

      2208        108          0         72         64      10709   bmi088driver.o
       100         30          0          4          0       3196   bmi088middleware.o
       448         68          0         64          0       4406   bsp_dwt.o
        42          0          0          0          0        870   bsp_pwm.o
       420         42          0          4         80       2478   can.o
       434         40          0         41        436     577218   chassis_task.o
       120          0          0          0          0      23169   cmsis_os.o
      1728         12          0          0          0       9021   controller.o
       238         20        768          2          0       5016   crc.o
       172          4          0          0          0        854   dma.o
       836         56          0          2         16       6375   drv_can.o
      1044         84          0          1        448       6020   drv_usart.o
         0          0          0          0          0      17244   event_groups.o
        44          8          0          0         80        651   exchange.o
       244         24        236         24       1704       4465   freertos.o
       936        156          0         12        360       6142   gimbal_task.o
       516         32          0          0          0       1255   gpio.o
       472         24          0         32      24576       4895   heap_4.o
       212         32          0          0         84       1709   i2c.o
      1764        112         48         68        328      12571   ins_task.o
       480         24          0         16        202       7370   judge.o
      2222         20          0          4          0       9391   kalman_filter.o
       138          0          0          0          0       3574   list.o
       336         36          0          8          0     768197   main.o
       476         20          0          0          0       3053   pid.o
       786         82          0         12          0      11905   port.o
      2852        168        144        212        624       8494   quaternionekf.o
      1502         20          0          0         64      17376   queue.o
       404         16          0         44         22       2862   rc_potocal.o
       340         34          0          0        280       1899   spi.o
        36          8        392          0      16384        840   startup_stm32f407xx.o
       116         18          0         12          0       8750   stm32f4xx_hal.o
      1638          6          0          0          0      14367   stm32f4xx_hal_can.o
       158         14          0          0          0      33182   stm32f4xx_hal_cortex.o
      1084         16          8          0          0       7394   stm32f4xx_hal_dma.o
       532         52          0          0          0       3392   stm32f4xx_hal_gpio.o
       392         16          0          0          0       3127   stm32f4xx_hal_i2c.o
        56          4          0          0          0        846   stm32f4xx_hal_msp.o
      1412         86          0          0          0       5933   stm32f4xx_hal_rcc.o
      1212         18          0          0          0       7186   stm32f4xx_hal_spi.o
      2020        136          0          0          0      17010   stm32f4xx_hal_tim.o
       148         28          0          0          0       2473   stm32f4xx_hal_tim_ex.o
       152         20          0          0         72       1467   stm32f4xx_hal_timebase_tim.o
      1594         30          0          0          0      11768   stm32f4xx_hal_uart.o
       416        148          0          4          0      15016   stm32f4xx_it.o
        28          6         24          4          0       1143   system_stm32f4xx.o
      2160        160          0         60        240      26992   tasks.o
       800         76          0          0        360       5066   tim.o
       972         80          0         20        272      29927   timers.o
      4000        372          0          3        520      19084   ui_task.o
       900         78          0          0        780       3738   usart.o
       632          4          0         20          0       8997   user_lib.o

    ----------------------------------------------------------------------
     42038       2648       1652        748      48000    1760083   Object Totals
         0          0         32          0          0          0   (incl. Generated)
        66          0          0          3          4          0   (incl. Padding)

    ----------------------------------------------------------------------

      Code (inc. data)   RO Data    RW Data    ZI Data      Debug   Library Member Name

         0          0       2052          0          0       4704   arm_common_tables.o
       120         12          0          0          0      17170   arm_cos_f32.o
       264          0          0          0          0       1826   arm_mat_add_f32.o
         8          0          0          0          0        999   arm_mat_init_f32.o
      1328          4          0          0          0       4782   arm_mat_inverse_f32.o
       316          4          0          0          0       2375   arm_mat_mult_f32.o
       264          0          0          0          0       1826   arm_mat_sub_f32.o
       276          0          0          0          0       2240   arm_mat_trans_f32.o
       148         18          0          0          0        814   arm_sin_f32.o
       280         46          0          0          0        176   acosf.o
       300         42          0          0          0        176   asinf.o
       592         90          0          0          0        184   atan2f.o
        38          0          0          0          0        116   fpclassifyf.o
        44         12          0          0          0        464   funder.o
       120          0          0          0          0        272   sqrtf_full.o
        86          0          0          0          0          0   __dczerorl2.o
         0          0          0          0          0          0   entry.o
         0          0          0          0          0          0   entry10a.o
         0          0          0          0          0          0   entry11a.o
         8          4          0          0          0          0   entry2.o
         4          0          0          0          0          0   entry5.o
         0          0          0          0          0          0   entry7b.o
         0          0          0          0          0          0   entry8b.o
         8          4          0          0          0          0   entry9a.o
        12          6          0          4          0         68   errno.o
        30          0          0          0          0          0   handlers.o
        36          8          0          0          0         68   init.o
         0          0          0          0          0          0   iusefp.o
        30          0          0          0          0         68   llshl.o
        36          0          0          0          0         68   llsshr.o
        32          0          0          0          0         68   llushr.o
       108         16          0          0          0         84   malloc.o
        36          0          0          0          0         68   memcpya.o
        36          0          0          0          0        108   memseta.o
         0          0          0          8          0          0   mvars.o
        98          0          0          0          0         92   uldiv.o
        56          0          0          0          0         88   d2f.o
       334          0          0          0          0        148   dadd.o
       222          0          0          0          0        100   ddiv.o
       186          0          0          0          0        176   depilogue.o
        34          0          0          0          0         76   dflti.o
        26          0          0          0          0         76   dfltui.o
       228          0          0          0          0         96   dmul.o
        38          0          0          0          0         68   f2d.o
       110          0          0          0          0        168   fepilogue.o

    ----------------------------------------------------------------------
      5902        266       2052         12          0      39812   Library Totals
        10          0          0          0          0          0   (incl. Padding)

    ----------------------------------------------------------------------

      Code (inc. data)   RO Data    RW Data    ZI Data      Debug   Library Name

      2724         38       2052          0          0      36736   arm_cortexM4lf_math.lib
      1374        190          0          0          0       1388   m_wm.l
       560         38          0         12          0        692   mc_w.l
      1234          0          0          0          0        996   mf_w.l

    ----------------------------------------------------------------------
      5902        266       2052         12          0      39812   Library Totals

    ----------------------------------------------------------------------

==============================================================================


      Code (inc. data)   RO Data    RW Data    ZI Data      Debug   

     47940       2914       3704        760      48000    1766299   Grand Totals
     47940       2914       3704        124      48000    1766299   ELF Image Totals (compressed)
     47940       2914       3704        124          0          0   ROM Totals

==============================================================================

    Total RO  Size (Code + RO Data)                51644 (  50.43kB)
    Total RW  Size (RW Data + ZI Data)             48760 (  47.62kB)
    Total ROM Size (Code + RO Data + RW Data)      51768 (  50.55kB)

==============================================================================

